#select
| test_double_free.cpp:11:10:11:10 | a | test_double_free.cpp:9:10:9:10 | a | test_double_free.cpp:11:10:11:10 | a | Potential Double free of 'a' may have $@. | test_double_free.cpp:9:10:9:10 | a | been previously freed |
| test_double_free.cpp:11:10:11:10 | a | test_double_free.cpp:9:10:9:10 | a | test_double_free.cpp:11:10:11:10 | a | Potential Double free of 'a' may have $@. | test_double_free.cpp:9:10:9:10 | a | been previously freed |
| test_double_free.cpp:11:10:11:10 | a | test_double_free.cpp:9:10:9:10 | a | test_double_free.cpp:11:10:11:10 | a | Potential Double free of 'a' may have $@. | test_double_free.cpp:9:10:9:10 | a | been previously freed |
| test_double_free.cpp:11:10:11:10 | a | test_double_free.cpp:9:10:9:10 | a | test_double_free.cpp:11:10:11:10 | a | Potential Double free of 'a' may have $@. | test_double_free.cpp:9:10:9:10 | a | been previously freed |
| test_double_free.cpp:20:10:20:10 | a | test_double_free.cpp:16:27:16:27 | a | test_double_free.cpp:20:10:20:10 | a | Potential Double free of 'a' may have $@. | test_double_free.cpp:16:27:16:27 | a | been previously freed |
| test_double_free.cpp:20:10:20:10 | a | test_double_free.cpp:16:27:16:27 | a | test_double_free.cpp:20:10:20:10 | a | Potential Double free of 'a' may have $@. | test_double_free.cpp:16:27:16:27 | a | been previously freed |
| test_double_free.cpp:20:10:20:10 | a | test_double_free.cpp:16:27:16:27 | a | test_double_free.cpp:20:10:20:10 | a | Potential Double free of 'a' may have $@. | test_double_free.cpp:16:27:16:27 | a | been previously freed |
| test_double_free.cpp:20:10:20:10 | a | test_double_free.cpp:16:27:16:27 | a | test_double_free.cpp:20:10:20:10 | a | Potential Double free of 'a' may have $@. | test_double_free.cpp:16:27:16:27 | a | been previously freed |
| test_double_free.cpp:20:10:20:10 | a | test_double_free.cpp:18:27:18:27 | a | test_double_free.cpp:20:10:20:10 | a | Potential Double free of 'a' may have $@. | test_double_free.cpp:18:27:18:27 | a | been previously freed |
| test_double_free.cpp:20:10:20:10 | a | test_double_free.cpp:18:27:18:27 | a | test_double_free.cpp:20:10:20:10 | a | Potential Double free of 'a' may have $@. | test_double_free.cpp:18:27:18:27 | a | been previously freed |
| test_double_free.cpp:20:10:20:10 | a | test_double_free.cpp:18:27:18:27 | a | test_double_free.cpp:20:10:20:10 | a | Potential Double free of 'a' may have $@. | test_double_free.cpp:18:27:18:27 | a | been previously freed |
| test_double_free.cpp:20:10:20:10 | a | test_double_free.cpp:18:27:18:27 | a | test_double_free.cpp:20:10:20:10 | a | Potential Double free of 'a' may have $@. | test_double_free.cpp:18:27:18:27 | a | been previously freed |
| test_double_free.cpp:30:10:30:10 | a | test_double_free.cpp:27:14:27:14 | a | test_double_free.cpp:30:10:30:10 | a | Potential Double free of 'a' may have $@. | test_double_free.cpp:27:14:27:14 | a | been previously freed |
| test_double_free.cpp:41:27:41:27 | a | test_double_free.cpp:40:10:40:10 | a | test_double_free.cpp:41:27:41:27 | a | Potential Double free of 'a' may have $@. | test_double_free.cpp:40:10:40:10 | a | been previously freed |
| test_double_free.cpp:48:10:48:10 | a | test_double_free.cpp:47:27:47:27 | a | test_double_free.cpp:48:10:48:10 | a | Potential Double free of 'a' may have $@. | test_double_free.cpp:47:27:47:27 | a | been previously freed |
| test_double_free.cpp:112:14:112:14 | a | test_double_free.cpp:109:10:109:10 | a | test_double_free.cpp:112:14:112:14 | a | Potential Double free of 'a' may have $@. | test_double_free.cpp:109:10:109:10 | a | been previously freed |
| test_double_free.cpp:112:14:112:14 | a | test_double_free.cpp:109:10:109:10 | a | test_double_free.cpp:112:14:112:14 | a | Potential Double free of 'a' may have $@. | test_double_free.cpp:109:10:109:10 | a | been previously freed |
| test_double_free.cpp:112:14:112:14 | a | test_double_free.cpp:109:10:109:10 | a | test_double_free.cpp:112:14:112:14 | a | Potential Double free of 'a' may have $@. | test_double_free.cpp:109:10:109:10 | a | been previously freed |
| test_double_free.cpp:112:14:112:14 | a | test_double_free.cpp:109:10:109:10 | a | test_double_free.cpp:112:14:112:14 | a | Potential Double free of 'a' may have $@. | test_double_free.cpp:109:10:109:10 | a | been previously freed |
edges
| test.cpp:28:7:28:12 | array1 | file://:0:0:0:0 | array1 |
| test.cpp:33:7:33:12 | array2 | file://:0:0:0:0 | array2 |
| test.cpp:34:7:34:12 | array7 | file://:0:0:0:0 | array7 |
| test.cpp:44:7:44:12 | array3 | file://:0:0:0:0 | array3 |
| test.cpp:45:7:45:12 | array5 | file://:0:0:0:0 | array5 |
| test.cpp:50:7:50:12 | array6 | file://:0:0:0:0 | array6 |
| test.cpp:75:7:75:12 | array1 | file://:0:0:0:0 | array1 |
| test.cpp:80:7:80:12 | array2 | file://:0:0:0:0 | array2 |
| test.cpp:81:7:81:12 | array7 | file://:0:0:0:0 | array7 |
| test.cpp:91:7:91:12 | array3 | file://:0:0:0:0 | array3 |
| test.cpp:92:7:92:12 | array5 | file://:0:0:0:0 | array5 |
| test.cpp:97:7:97:12 | array6 | file://:0:0:0:0 | array6 |
| test.cpp:125:8:125:9 | v1 | test.cpp:125:8:125:9 | v1 |
| test.cpp:126:8:126:9 | i2 | test.cpp:126:8:126:9 | i2 |
| test.cpp:127:8:127:9 | i3 | test.cpp:127:8:127:9 | i3 |
| test.cpp:128:8:128:16 | v4 | test.cpp:128:8:128:16 | v4 |
| test.cpp:128:15:128:16 | v4 | test.cpp:128:8:128:16 | v4 |
| test.cpp:128:15:128:16 | v4 | test.cpp:128:8:128:16 | v4 |
| test.cpp:185:10:185:12 | cpy | test.cpp:185:10:185:12 | cpy |
| test.cpp:199:10:199:12 | cpy | test.cpp:199:10:199:12 | cpy |
| test_double_free.cpp:9:10:9:10 | a | test_double_free.cpp:9:10:9:10 | a |
| test_double_free.cpp:9:10:9:10 | a | test_double_free.cpp:10:5:10:5 | a |
| test_double_free.cpp:10:5:10:5 | a | test_double_free.cpp:10:5:10:5 | a |
| test_double_free.cpp:10:5:10:5 | a | test_double_free.cpp:11:10:11:10 | a |
| test_double_free.cpp:11:10:11:10 | a | test_double_free.cpp:11:10:11:10 | a |
| test_double_free.cpp:16:27:16:27 | a | test_double_free.cpp:16:27:16:27 | a |
| test_double_free.cpp:16:27:16:27 | a | test_double_free.cpp:17:9:17:17 | Phi |
| test_double_free.cpp:17:9:17:17 | Phi | test_double_free.cpp:17:22:17:22 | a |
| test_double_free.cpp:17:9:17:17 | Phi | test_double_free.cpp:18:9:18:17 | Phi |
| test_double_free.cpp:17:22:17:22 | a | test_double_free.cpp:17:22:17:22 | a |
| test_double_free.cpp:17:22:17:22 | a | test_double_free.cpp:18:9:18:17 | Phi |
| test_double_free.cpp:18:9:18:17 | Phi | test_double_free.cpp:18:27:18:27 | a |
| test_double_free.cpp:18:9:18:17 | Phi | test_double_free.cpp:19:12:19:12 | Phi |
| test_double_free.cpp:18:27:18:27 | a | test_double_free.cpp:18:27:18:27 | a |
| test_double_free.cpp:18:27:18:27 | a | test_double_free.cpp:19:12:19:12 | Phi |
| test_double_free.cpp:19:5:19:5 | a | test_double_free.cpp:19:5:19:5 | a |
| test_double_free.cpp:19:5:19:5 | a | test_double_free.cpp:20:10:20:10 | a |
| test_double_free.cpp:19:12:19:12 | Phi | test_double_free.cpp:19:5:19:5 | a |
| test_double_free.cpp:20:10:20:10 | a | test_double_free.cpp:20:10:20:10 | a |
| test_double_free.cpp:27:14:27:14 | a | test_double_free.cpp:27:14:27:14 | a |
| test_double_free.cpp:27:14:27:14 | a | test_double_free.cpp:30:5:30:8 | Phi |
| test_double_free.cpp:30:5:30:8 | Phi | test_double_free.cpp:30:10:30:10 | a |
| test_double_free.cpp:30:10:30:10 | a | test_double_free.cpp:30:10:30:10 | a |
| test_double_free.cpp:34:27:34:27 | a | test_double_free.cpp:34:27:34:27 | a |
| test_double_free.cpp:36:10:36:10 | a | test_double_free.cpp:36:10:36:10 | a |
| test_double_free.cpp:40:10:40:10 | a | test_double_free.cpp:40:10:40:10 | a |
| test_double_free.cpp:40:10:40:10 | a | test_double_free.cpp:41:27:41:27 | a |
| test_double_free.cpp:41:27:41:27 | a | test_double_free.cpp:41:27:41:27 | a |
| test_double_free.cpp:45:10:45:10 | a | test_double_free.cpp:45:10:45:10 | a |
| test_double_free.cpp:47:27:47:27 | a | test_double_free.cpp:47:27:47:27 | a |
| test_double_free.cpp:47:27:47:27 | a | test_double_free.cpp:48:5:48:8 | Phi |
| test_double_free.cpp:48:5:48:8 | Phi | test_double_free.cpp:48:10:48:10 | a |
| test_double_free.cpp:48:10:48:10 | a | test_double_free.cpp:48:10:48:10 | a |
| test_double_free.cpp:52:10:52:10 | a | test_double_free.cpp:52:10:52:10 | a |
| test_double_free.cpp:54:10:54:10 | a | test_double_free.cpp:54:10:54:10 | a |
| test_double_free.cpp:58:10:58:10 | a | test_double_free.cpp:58:10:58:10 | a |
| test_double_free.cpp:60:10:60:10 | a | test_double_free.cpp:60:10:60:10 | a |
| test_double_free.cpp:62:10:62:10 | a | test_double_free.cpp:62:10:62:10 | a |
| test_double_free.cpp:64:10:64:10 | a | test_double_free.cpp:64:10:64:10 | a |
| test_double_free.cpp:65:10:65:10 | b | test_double_free.cpp:65:10:65:10 | b |
| test_double_free.cpp:72:10:72:10 | a | test_double_free.cpp:72:10:72:10 | a |
| test_double_free.cpp:78:27:78:27 | a | test_double_free.cpp:78:27:78:27 | a |
| test_double_free.cpp:83:10:83:10 | a | test_double_free.cpp:83:10:83:10 | a |
| test_double_free.cpp:88:10:88:10 | a | test_double_free.cpp:88:10:88:10 | a |
| test_double_free.cpp:94:10:94:10 | a | test_double_free.cpp:94:10:94:10 | a |
| test_double_free.cpp:101:10:101:10 | a | test_double_free.cpp:101:10:101:10 | a |
| test_double_free.cpp:103:10:103:10 | b | test_double_free.cpp:103:10:103:10 | b |
| test_double_free.cpp:109:10:109:10 | a | test_double_free.cpp:109:10:109:10 | a |
| test_double_free.cpp:109:10:109:10 | a | test_double_free.cpp:111:9:111:9 | a |
| test_double_free.cpp:111:9:111:9 | a | test_double_free.cpp:111:9:111:9 | a |
| test_double_free.cpp:111:9:111:9 | a | test_double_free.cpp:112:14:112:14 | a |
| test_double_free.cpp:112:14:112:14 | a | test_double_free.cpp:112:14:112:14 | a |
| test_double_free.cpp:130:10:130:10 | a | test_double_free.cpp:130:10:130:10 | a |
| test_double_free.cpp:135:10:135:10 | a | test_double_free.cpp:135:10:135:10 | a |
