| my_auto_ptr.cpp:20:26:20:28 | ptr |
| my_auto_ptr.cpp:20:26:20:28 | ptr |
| my_auto_ptr.cpp:20:26:20:28 | ptr |
| my_auto_ptr.cpp:20:26:20:28 | ptr |
| my_auto_ptr.cpp:20:26:20:28 | ptr |
| my_auto_ptr.cpp:20:26:20:28 | ptr |
| my_auto_ptr.cpp:20:26:20:28 | ptr |
| my_auto_ptr.cpp:26:12:26:14 | ptr |
| my_auto_ptr.cpp:26:12:26:14 | ptr |
| test.cpp:28:7:28:12 | array1 |
| test.cpp:33:7:33:12 | array2 |
| test.cpp:34:7:34:12 | array7 |
| test.cpp:44:7:44:12 | array3 |
| test.cpp:45:7:45:12 | array5 |
| test.cpp:50:7:50:12 | array6 |
| test.cpp:75:7:75:12 | array1 |
| test.cpp:80:7:80:12 | array2 |
| test.cpp:81:7:81:12 | array7 |
| test.cpp:91:7:91:12 | array3 |
| test.cpp:92:7:92:12 | array5 |
| test.cpp:97:7:97:12 | array6 |
| test.cpp:115:10:115:12 | mc2 |
| test.cpp:125:8:125:9 | v1 |
| test.cpp:126:8:126:9 | i2 |
| test.cpp:127:8:127:9 | i3 |
| test.cpp:128:15:128:16 | v4 |
| test.cpp:185:10:185:12 | cpy |
| test.cpp:199:10:199:12 | cpy |
| test_double_free.cpp:9:10:9:10 | a |
| test_double_free.cpp:11:10:11:10 | a |
| test_double_free.cpp:16:27:16:27 | a |
| test_double_free.cpp:18:27:18:27 | a |
| test_double_free.cpp:20:10:20:10 | a |
| test_double_free.cpp:27:14:27:14 | a |
| test_double_free.cpp:30:10:30:10 | a |
| test_double_free.cpp:34:27:34:27 | a |
| test_double_free.cpp:36:10:36:10 | a |
| test_double_free.cpp:40:10:40:10 | a |
| test_double_free.cpp:41:27:41:27 | a |
| test_double_free.cpp:45:10:45:10 | a |
| test_double_free.cpp:47:27:47:27 | a |
| test_double_free.cpp:48:10:48:10 | a |
| test_double_free.cpp:52:10:52:10 | a |
| test_double_free.cpp:54:10:54:10 | a |
| test_double_free.cpp:58:10:58:10 | a |
| test_double_free.cpp:60:10:60:10 | a |
| test_double_free.cpp:62:10:62:10 | a |
| test_double_free.cpp:64:10:64:10 | a |
| test_double_free.cpp:65:10:65:10 | b |
| test_double_free.cpp:72:10:72:10 | a |
| test_double_free.cpp:78:27:78:27 | a |
| test_double_free.cpp:83:10:83:10 | a |
| test_double_free.cpp:88:10:88:10 | a |
| test_double_free.cpp:94:10:94:10 | a |
| test_double_free.cpp:101:10:101:10 | a |
| test_double_free.cpp:103:10:103:10 | b |
| test_double_free.cpp:109:10:109:10 | a |
| test_double_free.cpp:112:14:112:14 | a |
| test_double_free.cpp:123:12:123:12 | a |
| test_double_free.cpp:125:12:125:12 | a |
| test_double_free.cpp:130:10:130:10 | a |
| test_double_free.cpp:135:10:135:10 | a |
| virtual.cpp:18:10:18:10 | a |
| virtual.cpp:19:10:19:10 | c |
| virtual.cpp:38:10:38:10 | b |
| virtual.cpp:39:10:39:10 | d |
| virtual.cpp:46:9:46:9 | c |
