| my_auto_ptr.cpp:20:26:20:28 | ptr |
| my_auto_ptr.cpp:20:26:20:28 | ptr |
| my_auto_ptr.cpp:20:26:20:28 | ptr |
| my_auto_ptr.cpp:20:26:20:28 | ptr |
| my_auto_ptr.cpp:20:26:20:28 | ptr |
| my_auto_ptr.cpp:20:26:20:28 | ptr |
| my_auto_ptr.cpp:20:26:20:28 | ptr |
| my_auto_ptr.cpp:26:12:26:14 | ptr |
| my_auto_ptr.cpp:26:12:26:14 | ptr |
| test.cpp:28:7:28:12 | array1 |
| test.cpp:33:7:33:12 | array2 |
| test.cpp:34:7:34:12 | array7 |
| test.cpp:44:7:44:12 | array3 |
| test.cpp:45:7:45:12 | array5 |
| test.cpp:50:7:50:12 | array6 |
| test.cpp:75:7:75:12 | array1 |
| test.cpp:80:7:80:12 | array2 |
| test.cpp:81:7:81:12 | array7 |
| test.cpp:91:7:91:12 | array3 |
| test.cpp:92:7:92:12 | array5 |
| test.cpp:97:7:97:12 | array6 |
| test.cpp:115:10:115:12 | mc2 |
| test.cpp:125:8:125:9 | v1 |
| test.cpp:126:8:126:9 | i2 |
| test.cpp:127:8:127:9 | i3 |
| test.cpp:128:15:128:16 | v4 |
| test.cpp:185:10:185:12 | cpy |
| test.cpp:199:10:199:12 | cpy |
| test_double_free.cpp:10:10:10:10 | a |
| test_double_free.cpp:12:10:12:10 | a |
| test_double_free.cpp:17:27:17:27 | a |
| test_double_free.cpp:19:27:19:27 | a |
| test_double_free.cpp:21:10:21:10 | a |
| test_double_free.cpp:28:14:28:14 | a |
| test_double_free.cpp:31:10:31:10 | a |
| test_double_free.cpp:35:27:35:27 | a |
| test_double_free.cpp:37:10:37:10 | a |
| test_double_free.cpp:41:10:41:10 | a |
| test_double_free.cpp:42:27:42:27 | a |
| test_double_free.cpp:46:10:46:10 | a |
| test_double_free.cpp:48:27:48:27 | a |
| test_double_free.cpp:49:10:49:10 | a |
| test_double_free.cpp:53:10:53:10 | a |
| test_double_free.cpp:55:10:55:10 | a |
| test_double_free.cpp:59:10:59:10 | a |
| test_double_free.cpp:61:10:61:10 | a |
| test_double_free.cpp:63:10:63:10 | a |
| test_double_free.cpp:65:10:65:10 | a |
| test_double_free.cpp:66:10:66:10 | b |
| test_double_free.cpp:73:10:73:10 | a |
| test_double_free.cpp:79:27:79:27 | a |
| test_double_free.cpp:84:10:84:10 | a |
| test_double_free.cpp:89:10:89:10 | a |
| test_double_free.cpp:95:10:95:10 | a |
| test_double_free.cpp:102:10:102:10 | a |
| test_double_free.cpp:104:10:104:10 | b |
| test_double_free.cpp:110:10:110:10 | a |
| test_double_free.cpp:113:14:113:14 | a |
| test_double_free.cpp:124:12:124:12 | a |
| test_double_free.cpp:126:12:126:12 | a |
| test_double_free.cpp:131:10:131:10 | a |
| test_double_free.cpp:136:10:136:10 | a |
| test_double_free.cpp:141:10:141:10 | a |
| test_double_free.cpp:142:17:142:17 | a |
| test_double_free.cpp:143:10:143:10 | a |
| test_double_free.cpp:144:23:144:23 | a |
| test_double_free.cpp:145:10:145:10 | a |
| test_double_free.cpp:146:10:146:10 | b |
| test_double_free.cpp:150:10:150:10 | a |
| test_double_free.cpp:151:23:151:23 | a |
| test_double_free.cpp:152:10:152:10 | a |
| test_double_free.cpp:153:10:153:10 | b |
| test_double_free.cpp:157:23:157:23 | a |
| test_double_free.cpp:162:14:162:14 | a |
| test_double_free.cpp:172:10:172:11 | * ... |
| test_double_free.cpp:174:10:174:11 | * ... |
| test_double_free.cpp:175:10:175:11 | * ... |
| test_double_free.cpp:181:27:181:30 | data |
| test_double_free.cpp:183:14:183:22 | * ... |
| test_double_free.cpp:190:23:190:23 | a |
| test_double_free.cpp:197:10:197:10 | a |
| virtual.cpp:18:10:18:10 | a |
| virtual.cpp:19:10:19:10 | c |
| virtual.cpp:38:10:38:10 | b |
| virtual.cpp:39:10:39:10 | d |
| virtual.cpp:46:9:46:9 | c |
