edges
| test.cpp:11:16:11:19 | data | test.cpp:11:16:11:19 | data |
| test.cpp:11:16:11:19 | data | test.cpp:11:16:11:19 | data |
| test.cpp:11:16:11:19 | data | test.cpp:11:16:11:19 | data indirection |
| test.cpp:11:16:11:19 | data indirection | test.cpp:11:16:11:19 | data |
| test.cpp:11:16:11:19 | data indirection | test.cpp:11:16:11:19 | data indirection |
| test.cpp:11:16:11:19 | data indirection | test.cpp:11:16:11:19 | data indirection |
| test.cpp:11:16:11:19 | data indirection | test.cpp:11:16:11:19 | data indirection |
| test.cpp:11:16:11:19 | data indirection | test.cpp:11:16:11:19 | data indirection |
| test.cpp:11:16:11:19 | data indirection | test.cpp:13:6:13:9 | data |
| test.cpp:11:16:11:19 | data indirection | test.cpp:13:6:13:9 | data indirection |
| test.cpp:13:6:13:9 | (bool)... indirection | test.cpp:13:6:13:9 | (bool)... indirection |
| test.cpp:13:6:13:9 | data | test.cpp:13:6:13:9 | data |
| test.cpp:13:6:13:9 | data | test.cpp:14:15:14:18 | data |
| test.cpp:13:6:13:9 | data indirection | test.cpp:13:6:13:9 | data indirection |
| test.cpp:13:6:13:9 | data indirection | test.cpp:13:6:13:9 | data indirection |
| test.cpp:13:6:13:9 | data indirection | test.cpp:13:6:13:9 | data indirection |
| test.cpp:13:6:13:9 | data indirection | test.cpp:13:6:13:9 | data indirection |
| test.cpp:13:6:13:9 | data indirection | test.cpp:14:15:14:18 | data indirection |
| test.cpp:14:3:14:13 | call to useExternal indirection | test.cpp:14:3:14:13 | call to useExternal indirection |
| test.cpp:14:15:14:18 | data | test.cpp:14:15:14:18 | data |
| test.cpp:14:15:14:18 | data indirection | test.cpp:14:15:14:18 | data indirection |
| test.cpp:14:15:14:18 | data indirection | test.cpp:14:15:14:18 | data indirection |
| test.cpp:14:15:14:18 | data indirection | test.cpp:14:15:14:18 | data indirection |
| test.cpp:14:15:14:18 | data indirection | test.cpp:14:15:14:18 | data indirection |
| test.cpp:14:15:14:18 | data indirection | test.cpp:14:15:14:18 | data indirection |
| test.cpp:14:15:14:18 | useExternal output argument | test.cpp:14:15:14:18 | data indirection |
| test.cpp:20:22:20:25 | data | test.cpp:20:22:20:25 | data |
| test.cpp:20:22:20:25 | data | test.cpp:20:22:20:25 | data |
| test.cpp:20:22:20:25 | data | test.cpp:20:22:20:25 | data indirection |
| test.cpp:20:22:20:25 | data indirection | test.cpp:20:22:20:25 | data |
| test.cpp:20:22:20:25 | data indirection | test.cpp:20:22:20:25 | data indirection |
| test.cpp:20:22:20:25 | data indirection | test.cpp:20:22:20:25 | data indirection |
| test.cpp:20:22:20:25 | data indirection | test.cpp:20:22:20:25 | data indirection |
| test.cpp:20:22:20:25 | data indirection | test.cpp:20:22:20:25 | data indirection |
| test.cpp:20:22:20:25 | data indirection | test.cpp:20:22:20:25 | data indirection |
| test.cpp:20:22:20:25 | data indirection | test.cpp:20:22:20:25 | data indirection |
| test.cpp:20:22:20:25 | data indirection | test.cpp:20:22:20:25 | data indirection |
| test.cpp:20:22:20:25 | data indirection | test.cpp:20:22:20:25 | data indirection |
| test.cpp:20:22:20:25 | data indirection | test.cpp:22:3:22:6 | data |
| test.cpp:20:22:20:25 | data indirection | test.cpp:22:3:22:6 | data indirection |
| test.cpp:20:22:20:25 | data indirection | test.cpp:22:3:22:6 | data indirection |
| test.cpp:22:2:22:6 | * ... indirection | test.cpp:22:2:22:6 | * ... indirection |
| test.cpp:22:2:22:6 | * ... indirection | test.cpp:22:2:22:6 | * ... indirection |
| test.cpp:22:2:22:41 | ... = ... | test.cpp:20:22:20:25 | data |
| test.cpp:22:2:22:41 | ... = ... indirection | test.cpp:20:22:20:25 | data indirection |
| test.cpp:22:3:22:6 | data | test.cpp:22:2:22:6 | * ... |
| test.cpp:22:3:22:6 | data indirection | test.cpp:20:22:20:25 | data |
| test.cpp:22:3:22:6 | data indirection | test.cpp:20:22:20:25 | data indirection |
| test.cpp:22:3:22:6 | data indirection | test.cpp:22:2:22:6 | * ... indirection |
| test.cpp:22:3:22:6 | data indirection | test.cpp:22:2:22:6 | * ... indirection |
| test.cpp:22:3:22:6 | data indirection | test.cpp:22:3:22:6 | data indirection |
| test.cpp:22:3:22:6 | data indirection | test.cpp:22:3:22:6 | data indirection |
| test.cpp:22:3:22:6 | data indirection | test.cpp:22:3:22:6 | data indirection |
| test.cpp:22:3:22:6 | data indirection | test.cpp:22:3:22:6 | data indirection |
| test.cpp:22:3:22:6 | data indirection | test.cpp:22:3:22:6 | data indirection |
| test.cpp:22:3:22:6 | data indirection | test.cpp:22:3:22:6 | data indirection |
| test.cpp:22:10:22:41 | (char *)... indirection | test.cpp:22:10:22:41 | call to malloc indirection |
| test.cpp:22:10:22:41 | call to malloc | test.cpp:22:2:22:41 | ... = ... |
| test.cpp:22:10:22:41 | call to malloc indirection | test.cpp:22:2:22:41 | ... = ... indirection |
| test.cpp:22:18:22:23 | call to malloc | test.cpp:22:10:22:41 | call to malloc |
| test.cpp:22:18:22:23 | call to malloc | test.cpp:22:18:22:23 | call to malloc |
| test.cpp:22:18:22:23 | call to malloc | test.cpp:22:18:22:23 | call to malloc |
| test.cpp:22:18:22:23 | call to malloc | test.cpp:22:18:22:23 | call to malloc indirection |
| test.cpp:22:18:22:23 | call to malloc indirection | test.cpp:22:10:22:41 | (char *)... indirection |
| test.cpp:22:18:22:23 | call to malloc indirection | test.cpp:22:10:22:41 | call to malloc indirection |
| test.cpp:22:18:22:23 | call to malloc indirection | test.cpp:22:18:22:23 | call to malloc indirection |
| test.cpp:22:18:22:23 | call to malloc indirection | test.cpp:22:18:22:23 | call to malloc indirection |
| test.cpp:22:18:22:23 | call to malloc indirection | test.cpp:22:18:22:23 | call to malloc indirection |
| test.cpp:22:18:22:23 | call to malloc indirection | test.cpp:22:18:22:23 | call to malloc indirection |
| test.cpp:22:18:22:23 | call to malloc indirection | test.cpp:22:18:22:23 | call to malloc indirection |
| test.cpp:25:24:25:27 | data | test.cpp:25:24:25:27 | data |
| test.cpp:25:24:25:27 | data | test.cpp:25:24:25:27 | data |
| test.cpp:25:24:25:27 | data | test.cpp:25:24:25:27 | data indirection |
| test.cpp:25:24:25:27 | data indirection | test.cpp:25:24:25:27 | data |
| test.cpp:25:24:25:27 | data indirection | test.cpp:25:24:25:27 | data indirection |
| test.cpp:25:24:25:27 | data indirection | test.cpp:25:24:25:27 | data indirection |
| test.cpp:25:24:25:27 | data indirection | test.cpp:25:24:25:27 | data indirection |
| test.cpp:25:24:25:27 | data indirection | test.cpp:25:24:25:27 | data indirection |
| test.cpp:25:24:25:27 | data indirection | test.cpp:25:24:25:27 | data indirection |
| test.cpp:25:24:25:27 | data indirection | test.cpp:25:24:25:27 | data indirection |
| test.cpp:25:24:25:27 | data indirection | test.cpp:25:24:25:27 | data indirection |
| test.cpp:25:24:25:27 | data indirection | test.cpp:25:24:25:27 | data indirection |
| test.cpp:25:24:25:27 | data indirection | test.cpp:27:2:27:5 | data |
| test.cpp:25:24:25:27 | data indirection | test.cpp:27:2:27:5 | data indirection |
| test.cpp:25:24:25:27 | data indirection | test.cpp:27:2:27:5 | data indirection |
| test.cpp:27:2:27:5 | (reference dereference) indirection | test.cpp:27:2:27:5 | data indirection |
| test.cpp:27:2:27:5 | (reference dereference) indirection | test.cpp:27:2:27:5 | data indirection |
| test.cpp:27:2:27:5 | data | test.cpp:27:2:27:5 | data |
| test.cpp:27:2:27:5 | data indirection | test.cpp:27:2:27:5 | (reference dereference) indirection |
| test.cpp:27:2:27:5 | data indirection | test.cpp:27:2:27:5 | (reference dereference) indirection |
| test.cpp:27:2:27:5 | data indirection | test.cpp:27:2:27:5 | data indirection |
| test.cpp:27:2:27:5 | data indirection | test.cpp:27:2:27:5 | data indirection |
| test.cpp:27:2:27:5 | data indirection | test.cpp:27:2:27:5 | data indirection |
| test.cpp:27:2:27:5 | data indirection | test.cpp:27:2:27:5 | data indirection |
| test.cpp:27:2:27:5 | data indirection | test.cpp:27:2:27:5 | data indirection |
| test.cpp:27:2:27:5 | data indirection | test.cpp:27:2:27:5 | data indirection |
| test.cpp:27:2:27:40 | ... = ... | test.cpp:25:24:25:27 | data |
| test.cpp:27:2:27:40 | ... = ... indirection | test.cpp:25:24:25:27 | data indirection |
| test.cpp:27:9:27:40 | (char *)... indirection | test.cpp:27:9:27:40 | call to malloc indirection |
| test.cpp:27:9:27:40 | call to malloc | test.cpp:27:2:27:40 | ... = ... |
| test.cpp:27:9:27:40 | call to malloc indirection | test.cpp:27:2:27:40 | ... = ... indirection |
| test.cpp:27:17:27:22 | call to malloc | test.cpp:27:9:27:40 | call to malloc |
| test.cpp:27:17:27:22 | call to malloc | test.cpp:27:17:27:22 | call to malloc |
| test.cpp:27:17:27:22 | call to malloc | test.cpp:27:17:27:22 | call to malloc |
| test.cpp:27:17:27:22 | call to malloc | test.cpp:27:17:27:22 | call to malloc indirection |
| test.cpp:27:17:27:22 | call to malloc indirection | test.cpp:27:9:27:40 | (char *)... indirection |
| test.cpp:27:17:27:22 | call to malloc indirection | test.cpp:27:9:27:40 | call to malloc indirection |
| test.cpp:27:17:27:22 | call to malloc indirection | test.cpp:27:17:27:22 | call to malloc indirection |
| test.cpp:27:17:27:22 | call to malloc indirection | test.cpp:27:17:27:22 | call to malloc indirection |
| test.cpp:27:17:27:22 | call to malloc indirection | test.cpp:27:17:27:22 | call to malloc indirection |
| test.cpp:27:17:27:22 | call to malloc indirection | test.cpp:27:17:27:22 | call to malloc indirection |
| test.cpp:27:17:27:22 | call to malloc indirection | test.cpp:27:17:27:22 | call to malloc indirection |
| test.cpp:32:8:32:11 | definition of data indirection | test.cpp:32:8:32:11 | definition of data indirection |
| test.cpp:32:8:32:11 | definition of data indirection | test.cpp:32:8:32:11 | definition of data indirection |
| test.cpp:33:2:33:5 | data indirection | test.cpp:33:2:33:5 | data indirection |
| test.cpp:33:2:33:5 | data indirection | test.cpp:33:2:33:5 | data indirection |
| test.cpp:33:2:33:40 | ... = ... | test.cpp:34:6:34:9 | data |
| test.cpp:33:2:33:40 | ... = ... indirection | test.cpp:34:6:34:9 | data indirection |
| test.cpp:33:9:33:40 | (char *)... indirection | test.cpp:33:9:33:40 | call to malloc indirection |
| test.cpp:33:9:33:40 | call to malloc | test.cpp:33:2:33:40 | ... = ... |
| test.cpp:33:9:33:40 | call to malloc indirection | test.cpp:33:2:33:40 | ... = ... indirection |
| test.cpp:33:17:33:22 | call to malloc | test.cpp:33:9:33:40 | call to malloc |
| test.cpp:33:17:33:22 | call to malloc | test.cpp:33:17:33:22 | call to malloc |
| test.cpp:33:17:33:22 | call to malloc | test.cpp:33:17:33:22 | call to malloc |
| test.cpp:33:17:33:22 | call to malloc | test.cpp:33:17:33:22 | call to malloc indirection |
| test.cpp:33:17:33:22 | call to malloc indirection | test.cpp:33:9:33:40 | (char *)... indirection |
| test.cpp:33:17:33:22 | call to malloc indirection | test.cpp:33:9:33:40 | call to malloc indirection |
| test.cpp:33:17:33:22 | call to malloc indirection | test.cpp:33:17:33:22 | call to malloc indirection |
| test.cpp:33:17:33:22 | call to malloc indirection | test.cpp:33:17:33:22 | call to malloc indirection |
| test.cpp:33:17:33:22 | call to malloc indirection | test.cpp:33:17:33:22 | call to malloc indirection |
| test.cpp:33:17:33:22 | call to malloc indirection | test.cpp:33:17:33:22 | call to malloc indirection |
| test.cpp:33:17:33:22 | call to malloc indirection | test.cpp:33:17:33:22 | call to malloc indirection |
| test.cpp:34:2:34:4 | call to use indirection | test.cpp:34:2:34:4 | call to use indirection |
| test.cpp:34:6:34:9 | data | test.cpp:34:6:34:9 | data |
| test.cpp:34:6:34:9 | data | test.cpp:35:7:35:10 | data |
| test.cpp:34:6:34:9 | data indirection | test.cpp:34:6:34:9 | data indirection |
| test.cpp:34:6:34:9 | data indirection | test.cpp:34:6:34:9 | data indirection |
| test.cpp:34:6:34:9 | data indirection | test.cpp:34:6:34:9 | data indirection |
| test.cpp:34:6:34:9 | data indirection | test.cpp:34:6:34:9 | data indirection |
| test.cpp:34:6:34:9 | data indirection | test.cpp:35:7:35:10 | data indirection |
| test.cpp:34:6:34:9 | use output argument | test.cpp:35:7:35:10 | data indirection |
| test.cpp:35:2:35:5 | call to free indirection | test.cpp:35:2:35:5 | call to free indirection |
| test.cpp:35:7:35:10 | (void *)... indirection | test.cpp:35:7:35:10 | data indirection |
| test.cpp:35:7:35:10 | (void *)... indirection | test.cpp:35:7:35:10 | data indirection |
| test.cpp:35:7:35:10 | data | test.cpp:35:7:35:10 | data |
| test.cpp:35:7:35:10 | data | test.cpp:36:6:36:9 | data |
| test.cpp:35:7:35:10 | data indirection | test.cpp:35:7:35:10 | (void *)... indirection |
| test.cpp:35:7:35:10 | data indirection | test.cpp:35:7:35:10 | data indirection |
| test.cpp:35:7:35:10 | data indirection | test.cpp:35:7:35:10 | data indirection |
| test.cpp:35:7:35:10 | data indirection | test.cpp:35:7:35:10 | data indirection |
| test.cpp:35:7:35:10 | data indirection | test.cpp:35:7:35:10 | data indirection |
| test.cpp:35:7:35:10 | data indirection | test.cpp:36:6:36:9 | data indirection |
| test.cpp:35:7:35:10 | free output argument | test.cpp:36:6:36:9 | data indirection |
| test.cpp:36:2:36:4 | call to use indirection | test.cpp:36:2:36:4 | call to use indirection |
| test.cpp:36:6:36:9 | data | test.cpp:36:6:36:9 | data |
| test.cpp:36:6:36:9 | data indirection | test.cpp:36:6:36:9 | data indirection |
| test.cpp:36:6:36:9 | data indirection | test.cpp:36:6:36:9 | data indirection |
| test.cpp:36:6:36:9 | data indirection | test.cpp:36:6:36:9 | data indirection |
| test.cpp:36:6:36:9 | data indirection | test.cpp:36:6:36:9 | data indirection |
| test.cpp:36:6:36:9 | data indirection | test.cpp:36:6:36:9 | data indirection |
| test.cpp:36:6:36:9 | use output argument | test.cpp:36:6:36:9 | data indirection |
| test.cpp:41:8:41:11 | definition of data indirection | test.cpp:41:8:41:11 | definition of data indirection |
| test.cpp:41:8:41:11 | definition of data indirection | test.cpp:41:8:41:11 | definition of data indirection |
| test.cpp:42:2:42:5 | data indirection | test.cpp:42:2:42:5 | data indirection |
| test.cpp:42:2:42:5 | data indirection | test.cpp:42:2:42:5 | data indirection |
| test.cpp:42:2:42:40 | ... = ... | test.cpp:43:7:43:10 | data |
| test.cpp:42:2:42:40 | ... = ... indirection | test.cpp:43:7:43:10 | data indirection |
| test.cpp:42:9:42:40 | (char *)... indirection | test.cpp:42:9:42:40 | call to malloc indirection |
| test.cpp:42:9:42:40 | call to malloc | test.cpp:42:2:42:40 | ... = ... |
| test.cpp:42:9:42:40 | call to malloc indirection | test.cpp:42:2:42:40 | ... = ... indirection |
| test.cpp:42:17:42:22 | call to malloc | test.cpp:42:9:42:40 | call to malloc |
| test.cpp:42:17:42:22 | call to malloc | test.cpp:42:17:42:22 | call to malloc |
| test.cpp:42:17:42:22 | call to malloc | test.cpp:42:17:42:22 | call to malloc |
| test.cpp:42:17:42:22 | call to malloc | test.cpp:42:17:42:22 | call to malloc indirection |
| test.cpp:42:17:42:22 | call to malloc indirection | test.cpp:42:9:42:40 | (char *)... indirection |
| test.cpp:42:17:42:22 | call to malloc indirection | test.cpp:42:9:42:40 | call to malloc indirection |
| test.cpp:42:17:42:22 | call to malloc indirection | test.cpp:42:17:42:22 | call to malloc indirection |
| test.cpp:42:17:42:22 | call to malloc indirection | test.cpp:42:17:42:22 | call to malloc indirection |
| test.cpp:42:17:42:22 | call to malloc indirection | test.cpp:42:17:42:22 | call to malloc indirection |
| test.cpp:42:17:42:22 | call to malloc indirection | test.cpp:42:17:42:22 | call to malloc indirection |
| test.cpp:42:17:42:22 | call to malloc indirection | test.cpp:42:17:42:22 | call to malloc indirection |
| test.cpp:43:2:43:5 | call to free indirection | test.cpp:43:2:43:5 | call to free indirection |
| test.cpp:43:7:43:10 | (void *)... indirection | test.cpp:43:7:43:10 | data indirection |
| test.cpp:43:7:43:10 | (void *)... indirection | test.cpp:43:7:43:10 | data indirection |
| test.cpp:43:7:43:10 | data | test.cpp:43:7:43:10 | data |
| test.cpp:43:7:43:10 | data | test.cpp:44:11:44:15 | & ... indirection |
| test.cpp:43:7:43:10 | data indirection | test.cpp:43:7:43:10 | (void *)... indirection |
| test.cpp:43:7:43:10 | data indirection | test.cpp:43:7:43:10 | data indirection |
| test.cpp:43:7:43:10 | data indirection | test.cpp:43:7:43:10 | data indirection |
| test.cpp:43:7:43:10 | data indirection | test.cpp:43:7:43:10 | data indirection |
| test.cpp:43:7:43:10 | data indirection | test.cpp:43:7:43:10 | data indirection |
| test.cpp:43:7:43:10 | data indirection | test.cpp:44:11:44:15 | & ... indirection |
| test.cpp:43:7:43:10 | free output argument | test.cpp:44:11:44:15 | & ... indirection |
| test.cpp:44:2:44:9 | call to myMalloc indirection | test.cpp:44:2:44:9 | call to myMalloc indirection |
| test.cpp:44:11:44:15 | & ... indirection | test.cpp:44:11:44:15 | & ... indirection |
| test.cpp:44:11:44:15 | & ... indirection | test.cpp:44:11:44:15 | & ... indirection |
| test.cpp:44:11:44:15 | & ... indirection | test.cpp:45:6:45:9 | data |
| test.cpp:44:11:44:15 | & ... indirection | test.cpp:45:6:45:9 | data indirection |
| test.cpp:44:11:44:15 | myMalloc output argument | test.cpp:45:6:45:9 | data |
| test.cpp:44:11:44:15 | myMalloc output argument | test.cpp:45:6:45:9 | data indirection |
| test.cpp:44:12:44:15 | data | test.cpp:44:11:44:15 | & ... |
| test.cpp:44:12:44:15 | data indirection | test.cpp:44:11:44:15 | & ... indirection |
| test.cpp:44:12:44:15 | data indirection | test.cpp:44:11:44:15 | & ... indirection |
| test.cpp:44:12:44:15 | data indirection | test.cpp:44:12:44:15 | data indirection |
| test.cpp:44:12:44:15 | data indirection | test.cpp:44:12:44:15 | data indirection |
| test.cpp:45:2:45:4 | call to use indirection | test.cpp:45:2:45:4 | call to use indirection |
| test.cpp:45:6:45:9 | data | test.cpp:45:6:45:9 | data |
| test.cpp:45:6:45:9 | data | test.cpp:46:7:46:10 | data |
| test.cpp:45:6:45:9 | data indirection | test.cpp:45:6:45:9 | data indirection |
| test.cpp:45:6:45:9 | data indirection | test.cpp:45:6:45:9 | data indirection |
| test.cpp:45:6:45:9 | data indirection | test.cpp:45:6:45:9 | data indirection |
| test.cpp:45:6:45:9 | data indirection | test.cpp:45:6:45:9 | data indirection |
| test.cpp:45:6:45:9 | data indirection | test.cpp:46:7:46:10 | data indirection |
| test.cpp:45:6:45:9 | use output argument | test.cpp:46:7:46:10 | data indirection |
| test.cpp:46:2:46:5 | call to free indirection | test.cpp:46:2:46:5 | call to free indirection |
| test.cpp:46:7:46:10 | (void *)... indirection | test.cpp:46:7:46:10 | data indirection |
| test.cpp:46:7:46:10 | (void *)... indirection | test.cpp:46:7:46:10 | data indirection |
| test.cpp:46:7:46:10 | data | test.cpp:46:7:46:10 | data |
| test.cpp:46:7:46:10 | data | test.cpp:47:12:47:15 | data indirection |
| test.cpp:46:7:46:10 | data indirection | test.cpp:46:7:46:10 | (void *)... indirection |
| test.cpp:46:7:46:10 | data indirection | test.cpp:46:7:46:10 | data indirection |
| test.cpp:46:7:46:10 | data indirection | test.cpp:46:7:46:10 | data indirection |
| test.cpp:46:7:46:10 | data indirection | test.cpp:46:7:46:10 | data indirection |
| test.cpp:46:7:46:10 | data indirection | test.cpp:46:7:46:10 | data indirection |
| test.cpp:46:7:46:10 | data indirection | test.cpp:47:12:47:15 | data indirection |
| test.cpp:46:7:46:10 | free output argument | test.cpp:47:12:47:15 | data indirection |
| test.cpp:47:2:47:10 | call to myMalloc2 indirection | test.cpp:47:2:47:10 | call to myMalloc2 indirection |
| test.cpp:47:12:47:15 | (reference to) indirection | test.cpp:47:12:47:15 | data indirection |
| test.cpp:47:12:47:15 | (reference to) indirection | test.cpp:47:12:47:15 | data indirection |
| test.cpp:47:12:47:15 | data | test.cpp:47:12:47:15 | data |
| test.cpp:47:12:47:15 | data indirection | test.cpp:47:12:47:15 | (reference to) indirection |
| test.cpp:47:12:47:15 | data indirection | test.cpp:47:12:47:15 | (reference to) indirection |
| test.cpp:47:12:47:15 | data indirection | test.cpp:47:12:47:15 | data indirection |
| test.cpp:47:12:47:15 | data indirection | test.cpp:47:12:47:15 | data indirection |
| test.cpp:47:12:47:15 | data indirection | test.cpp:48:6:48:9 | data |
| test.cpp:47:12:47:15 | data indirection | test.cpp:48:6:48:9 | data indirection |
| test.cpp:47:12:47:15 | myMalloc2 output argument | test.cpp:48:6:48:9 | data |
| test.cpp:47:12:47:15 | myMalloc2 output argument | test.cpp:48:6:48:9 | data indirection |
| test.cpp:48:2:48:4 | call to use indirection | test.cpp:48:2:48:4 | call to use indirection |
| test.cpp:48:6:48:9 | data | test.cpp:48:6:48:9 | data |
| test.cpp:48:6:48:9 | data indirection | test.cpp:48:6:48:9 | data indirection |
| test.cpp:48:6:48:9 | data indirection | test.cpp:48:6:48:9 | data indirection |
| test.cpp:48:6:48:9 | data indirection | test.cpp:48:6:48:9 | data indirection |
| test.cpp:48:6:48:9 | data indirection | test.cpp:48:6:48:9 | data indirection |
| test.cpp:48:6:48:9 | data indirection | test.cpp:48:6:48:9 | data indirection |
| test.cpp:48:6:48:9 | use output argument | test.cpp:48:6:48:9 | data indirection |
| test.cpp:53:8:53:11 | definition of data indirection | test.cpp:53:8:53:11 | definition of data indirection |
| test.cpp:53:8:53:11 | definition of data indirection | test.cpp:53:8:53:11 | definition of data indirection |
| test.cpp:54:2:54:5 | data indirection | test.cpp:54:2:54:5 | data indirection |
| test.cpp:54:2:54:5 | data indirection | test.cpp:54:2:54:5 | data indirection |
| test.cpp:54:2:54:40 | ... = ... | test.cpp:55:7:55:10 | data |
| test.cpp:54:2:54:40 | ... = ... indirection | test.cpp:55:7:55:10 | data indirection |
| test.cpp:54:9:54:40 | (char *)... indirection | test.cpp:54:9:54:40 | call to malloc indirection |
| test.cpp:54:9:54:40 | call to malloc | test.cpp:54:2:54:40 | ... = ... |
| test.cpp:54:9:54:40 | call to malloc indirection | test.cpp:54:2:54:40 | ... = ... indirection |
| test.cpp:54:17:54:22 | call to malloc | test.cpp:54:9:54:40 | call to malloc |
| test.cpp:54:17:54:22 | call to malloc | test.cpp:54:17:54:22 | call to malloc |
| test.cpp:54:17:54:22 | call to malloc | test.cpp:54:17:54:22 | call to malloc |
| test.cpp:54:17:54:22 | call to malloc | test.cpp:54:17:54:22 | call to malloc indirection |
| test.cpp:54:17:54:22 | call to malloc indirection | test.cpp:54:9:54:40 | (char *)... indirection |
| test.cpp:54:17:54:22 | call to malloc indirection | test.cpp:54:9:54:40 | call to malloc indirection |
| test.cpp:54:17:54:22 | call to malloc indirection | test.cpp:54:17:54:22 | call to malloc indirection |
| test.cpp:54:17:54:22 | call to malloc indirection | test.cpp:54:17:54:22 | call to malloc indirection |
| test.cpp:54:17:54:22 | call to malloc indirection | test.cpp:54:17:54:22 | call to malloc indirection |
| test.cpp:54:17:54:22 | call to malloc indirection | test.cpp:54:17:54:22 | call to malloc indirection |
| test.cpp:54:17:54:22 | call to malloc indirection | test.cpp:54:17:54:22 | call to malloc indirection |
| test.cpp:55:2:55:5 | call to free indirection | test.cpp:55:2:55:5 | call to free indirection |
| test.cpp:55:7:55:10 | (void *)... indirection | test.cpp:55:7:55:10 | data indirection |
| test.cpp:55:7:55:10 | (void *)... indirection | test.cpp:55:7:55:10 | data indirection |
| test.cpp:55:7:55:10 | data | test.cpp:55:7:55:10 | data |
| test.cpp:55:7:55:10 | data indirection | test.cpp:55:7:55:10 | (void *)... indirection |
| test.cpp:55:7:55:10 | data indirection | test.cpp:55:7:55:10 | data indirection |
| test.cpp:55:7:55:10 | data indirection | test.cpp:55:7:55:10 | data indirection |
| test.cpp:55:7:55:10 | data indirection | test.cpp:55:7:55:10 | data indirection |
| test.cpp:55:7:55:10 | data indirection | test.cpp:55:7:55:10 | data indirection |
| test.cpp:55:7:55:10 | data indirection | test.cpp:55:7:55:10 | data indirection |
| test.cpp:55:7:55:10 | free output argument | test.cpp:55:7:55:10 | data indirection |
| test.cpp:56:2:56:5 | data indirection | test.cpp:56:2:56:5 | data indirection |
| test.cpp:56:2:56:5 | data indirection | test.cpp:56:2:56:5 | data indirection |
| test.cpp:56:2:56:12 | ... = ... | test.cpp:57:6:57:9 | data |
| test.cpp:56:2:56:12 | ... = ... indirection | test.cpp:57:6:57:9 | data indirection |
| test.cpp:56:9:56:12 | 0 | test.cpp:56:2:56:12 | ... = ... |
| test.cpp:56:9:56:12 | 0 indirection | test.cpp:56:2:56:12 | ... = ... indirection |
| test.cpp:56:9:56:12 | (char *)... indirection | test.cpp:56:9:56:12 | 0 indirection |
| test.cpp:57:6:57:9 | (bool)... indirection | test.cpp:57:6:57:9 | (bool)... indirection |
| test.cpp:57:6:57:9 | data | test.cpp:57:6:57:9 | data |
| test.cpp:57:6:57:9 | data | test.cpp:59:7:59:10 | data |
| test.cpp:57:6:57:9 | data indirection | test.cpp:57:6:57:9 | data indirection |
| test.cpp:57:6:57:9 | data indirection | test.cpp:57:6:57:9 | data indirection |
| test.cpp:57:6:57:9 | data indirection | test.cpp:57:6:57:9 | data indirection |
| test.cpp:57:6:57:9 | data indirection | test.cpp:57:6:57:9 | data indirection |
| test.cpp:57:6:57:9 | data indirection | test.cpp:59:7:59:10 | data indirection |
| test.cpp:59:3:59:5 | call to use indirection | test.cpp:59:3:59:5 | call to use indirection |
| test.cpp:59:7:59:10 | data | test.cpp:59:7:59:10 | data |
| test.cpp:59:7:59:10 | data indirection | test.cpp:59:7:59:10 | data indirection |
| test.cpp:59:7:59:10 | data indirection | test.cpp:59:7:59:10 | data indirection |
| test.cpp:59:7:59:10 | data indirection | test.cpp:59:7:59:10 | data indirection |
| test.cpp:59:7:59:10 | data indirection | test.cpp:59:7:59:10 | data indirection |
| test.cpp:59:7:59:10 | data indirection | test.cpp:59:7:59:10 | data indirection |
| test.cpp:59:7:59:10 | use output argument | test.cpp:59:7:59:10 | data indirection |
| test.cpp:65:8:65:11 | definition of data indirection | test.cpp:65:8:65:11 | definition of data indirection |
| test.cpp:65:8:65:11 | definition of data indirection | test.cpp:65:8:65:11 | definition of data indirection |
| test.cpp:66:2:66:5 | data indirection | test.cpp:66:2:66:5 | data indirection |
| test.cpp:66:2:66:5 | data indirection | test.cpp:66:2:66:5 | data indirection |
| test.cpp:66:2:66:40 | ... = ... | test.cpp:67:7:67:10 | data |
| test.cpp:66:2:66:40 | ... = ... indirection | test.cpp:67:7:67:10 | data indirection |
| test.cpp:66:9:66:40 | (char *)... indirection | test.cpp:66:9:66:40 | call to malloc indirection |
| test.cpp:66:9:66:40 | call to malloc | test.cpp:66:2:66:40 | ... = ... |
| test.cpp:66:9:66:40 | call to malloc indirection | test.cpp:66:2:66:40 | ... = ... indirection |
| test.cpp:66:17:66:22 | call to malloc | test.cpp:66:9:66:40 | call to malloc |
| test.cpp:66:17:66:22 | call to malloc | test.cpp:66:17:66:22 | call to malloc |
| test.cpp:66:17:66:22 | call to malloc | test.cpp:66:17:66:22 | call to malloc |
| test.cpp:66:17:66:22 | call to malloc | test.cpp:66:17:66:22 | call to malloc indirection |
| test.cpp:66:17:66:22 | call to malloc indirection | test.cpp:66:9:66:40 | (char *)... indirection |
| test.cpp:66:17:66:22 | call to malloc indirection | test.cpp:66:9:66:40 | call to malloc indirection |
| test.cpp:66:17:66:22 | call to malloc indirection | test.cpp:66:17:66:22 | call to malloc indirection |
| test.cpp:66:17:66:22 | call to malloc indirection | test.cpp:66:17:66:22 | call to malloc indirection |
| test.cpp:66:17:66:22 | call to malloc indirection | test.cpp:66:17:66:22 | call to malloc indirection |
| test.cpp:66:17:66:22 | call to malloc indirection | test.cpp:66:17:66:22 | call to malloc indirection |
| test.cpp:66:17:66:22 | call to malloc indirection | test.cpp:66:17:66:22 | call to malloc indirection |
| test.cpp:67:2:67:5 | call to free indirection | test.cpp:67:2:67:5 | call to free indirection |
| test.cpp:67:7:67:10 | (void *)... indirection | test.cpp:67:7:67:10 | data indirection |
| test.cpp:67:7:67:10 | (void *)... indirection | test.cpp:67:7:67:10 | data indirection |
| test.cpp:67:7:67:10 | data | test.cpp:67:7:67:10 | data |
| test.cpp:67:7:67:10 | data | test.cpp:68:6:68:9 | data |
| test.cpp:67:7:67:10 | data indirection | test.cpp:67:7:67:10 | (void *)... indirection |
| test.cpp:67:7:67:10 | data indirection | test.cpp:67:7:67:10 | data indirection |
| test.cpp:67:7:67:10 | data indirection | test.cpp:67:7:67:10 | data indirection |
| test.cpp:67:7:67:10 | data indirection | test.cpp:67:7:67:10 | data indirection |
| test.cpp:67:7:67:10 | data indirection | test.cpp:67:7:67:10 | data indirection |
| test.cpp:67:7:67:10 | data indirection | test.cpp:68:6:68:9 | data indirection |
| test.cpp:67:7:67:10 | free output argument | test.cpp:68:6:68:9 | data indirection |
| test.cpp:68:6:68:9 | (bool)... indirection | test.cpp:68:6:68:9 | (bool)... indirection |
| test.cpp:68:6:68:9 | data | test.cpp:68:6:68:9 | data |
| test.cpp:68:6:68:9 | data | test.cpp:70:7:70:10 | data |
| test.cpp:68:6:68:9 | data indirection | test.cpp:68:6:68:9 | data indirection |
| test.cpp:68:6:68:9 | data indirection | test.cpp:68:6:68:9 | data indirection |
| test.cpp:68:6:68:9 | data indirection | test.cpp:68:6:68:9 | data indirection |
| test.cpp:68:6:68:9 | data indirection | test.cpp:68:6:68:9 | data indirection |
| test.cpp:68:6:68:9 | data indirection | test.cpp:70:7:70:10 | data indirection |
| test.cpp:70:3:70:5 | call to use indirection | test.cpp:70:3:70:5 | call to use indirection |
| test.cpp:70:7:70:10 | data | test.cpp:70:7:70:10 | data |
| test.cpp:70:7:70:10 | data indirection | test.cpp:70:7:70:10 | data indirection |
| test.cpp:70:7:70:10 | data indirection | test.cpp:70:7:70:10 | data indirection |
| test.cpp:70:7:70:10 | data indirection | test.cpp:70:7:70:10 | data indirection |
| test.cpp:70:7:70:10 | data indirection | test.cpp:70:7:70:10 | data indirection |
| test.cpp:70:7:70:10 | data indirection | test.cpp:70:7:70:10 | data indirection |
| test.cpp:70:7:70:10 | use output argument | test.cpp:70:7:70:10 | data indirection |
| test.cpp:74:7:74:22 | returnsFreedData indirection | test.cpp:74:7:74:22 | returnsFreedData indirection |
| test.cpp:74:7:74:22 | returnsFreedData indirection | test.cpp:74:7:74:22 | returnsFreedData indirection |
| test.cpp:74:28:74:28 | i | test.cpp:78:6:78:6 | i |
| test.cpp:74:28:74:28 | i indirection | test.cpp:74:28:74:28 | i indirection |
| test.cpp:76:8:76:11 | definition of data indirection | test.cpp:76:8:76:11 | definition of data indirection |
| test.cpp:76:8:76:11 | definition of data indirection | test.cpp:76:8:76:11 | definition of data indirection |
| test.cpp:77:2:77:5 | data indirection | test.cpp:77:2:77:5 | data indirection |
| test.cpp:77:2:77:5 | data indirection | test.cpp:77:2:77:5 | data indirection |
| test.cpp:77:2:77:40 | ... = ... | test.cpp:80:8:80:11 | data |
| test.cpp:77:2:77:40 | ... = ... | test.cpp:82:2:82:13 | Phi |
| test.cpp:77:2:77:40 | ... = ... indirection | test.cpp:80:8:80:11 | data indirection |
| test.cpp:77:2:77:40 | ... = ... indirection | test.cpp:82:2:82:13 | Phi |
| test.cpp:77:9:77:40 | (char *)... indirection | test.cpp:77:9:77:40 | call to malloc indirection |
| test.cpp:77:9:77:40 | call to malloc | test.cpp:77:2:77:40 | ... = ... |
| test.cpp:77:9:77:40 | call to malloc indirection | test.cpp:77:2:77:40 | ... = ... indirection |
| test.cpp:77:17:77:22 | call to malloc | test.cpp:77:9:77:40 | call to malloc |
| test.cpp:77:17:77:22 | call to malloc | test.cpp:77:17:77:22 | call to malloc |
| test.cpp:77:17:77:22 | call to malloc | test.cpp:77:17:77:22 | call to malloc |
| test.cpp:77:17:77:22 | call to malloc | test.cpp:77:17:77:22 | call to malloc indirection |
| test.cpp:77:17:77:22 | call to malloc indirection | test.cpp:77:9:77:40 | (char *)... indirection |
| test.cpp:77:17:77:22 | call to malloc indirection | test.cpp:77:9:77:40 | call to malloc indirection |
| test.cpp:77:17:77:22 | call to malloc indirection | test.cpp:77:17:77:22 | call to malloc indirection |
| test.cpp:77:17:77:22 | call to malloc indirection | test.cpp:77:17:77:22 | call to malloc indirection |
| test.cpp:77:17:77:22 | call to malloc indirection | test.cpp:77:17:77:22 | call to malloc indirection |
| test.cpp:77:17:77:22 | call to malloc indirection | test.cpp:77:17:77:22 | call to malloc indirection |
| test.cpp:77:17:77:22 | call to malloc indirection | test.cpp:77:17:77:22 | call to malloc indirection |
| test.cpp:78:6:78:6 | i | test.cpp:78:6:78:6 | i |
| test.cpp:80:3:80:6 | call to free indirection | test.cpp:80:3:80:6 | call to free indirection |
| test.cpp:80:8:80:11 | (void *)... indirection | test.cpp:80:8:80:11 | data indirection |
| test.cpp:80:8:80:11 | (void *)... indirection | test.cpp:80:8:80:11 | data indirection |
| test.cpp:80:8:80:11 | data | test.cpp:80:8:80:11 | data |
| test.cpp:80:8:80:11 | data | test.cpp:82:2:82:13 | Phi |
| test.cpp:80:8:80:11 | data indirection | test.cpp:80:8:80:11 | (void *)... indirection |
| test.cpp:80:8:80:11 | data indirection | test.cpp:80:8:80:11 | data indirection |
| test.cpp:80:8:80:11 | data indirection | test.cpp:80:8:80:11 | data indirection |
| test.cpp:80:8:80:11 | data indirection | test.cpp:80:8:80:11 | data indirection |
| test.cpp:80:8:80:11 | data indirection | test.cpp:80:8:80:11 | data indirection |
| test.cpp:80:8:80:11 | data indirection | test.cpp:82:2:82:13 | Phi |
| test.cpp:80:8:80:11 | free output argument | test.cpp:82:2:82:13 | Phi |
| test.cpp:82:2:82:13 | Phi | test.cpp:82:9:82:12 | data |
| test.cpp:82:2:82:13 | Phi | test.cpp:82:9:82:12 | data |
| test.cpp:82:2:82:13 | Phi | test.cpp:82:9:82:12 | data indirection |
| test.cpp:82:2:82:13 | return ... indirection | test.cpp:82:2:82:13 | return ... indirection |
| test.cpp:82:2:82:13 | return ... indirection | test.cpp:82:2:82:13 | return ... indirection |
| test.cpp:82:9:82:12 | data | test.cpp:74:7:74:22 | returnsFreedData indirection |
| test.cpp:82:9:82:12 | data | test.cpp:82:9:82:12 | data |
| test.cpp:82:9:82:12 | data | test.cpp:82:9:82:12 | data |
| test.cpp:82:9:82:12 | data indirection | test.cpp:74:7:74:22 | returnsFreedData indirection |
| test.cpp:82:9:82:12 | data indirection | test.cpp:82:9:82:12 | data indirection |
| test.cpp:82:9:82:12 | data indirection | test.cpp:82:9:82:12 | data indirection |
| test.cpp:82:9:82:12 | data indirection | test.cpp:82:9:82:12 | data indirection |
| test.cpp:82:9:82:12 | data indirection | test.cpp:82:9:82:12 | data indirection |
| test.cpp:82:9:82:12 | data indirection | test.cpp:82:9:82:12 | data indirection |
| test.cpp:87:8:87:11 | definition of data indirection | test.cpp:87:8:87:11 | definition of data indirection |
| test.cpp:87:8:87:11 | definition of data indirection | test.cpp:87:8:87:11 | definition of data indirection |
| test.cpp:87:15:87:30 | call to returnsFreedData | test.cpp:87:15:87:30 | call to returnsFreedData |
| test.cpp:87:15:87:30 | call to returnsFreedData | test.cpp:88:6:88:9 | data |
| test.cpp:87:15:87:30 | call to returnsFreedData indirection | test.cpp:87:15:87:30 | call to returnsFreedData indirection |
| test.cpp:87:15:87:30 | call to returnsFreedData indirection | test.cpp:87:15:87:30 | call to returnsFreedData indirection |
| test.cpp:87:15:87:30 | call to returnsFreedData indirection | test.cpp:87:15:87:30 | call to returnsFreedData indirection |
| test.cpp:87:15:87:30 | call to returnsFreedData indirection | test.cpp:88:6:88:9 | data indirection |
| test.cpp:88:2:88:4 | call to use indirection | test.cpp:88:2:88:4 | call to use indirection |
| test.cpp:88:6:88:9 | data | test.cpp:88:6:88:9 | data |
| test.cpp:88:6:88:9 | data indirection | test.cpp:88:6:88:9 | data indirection |
| test.cpp:88:6:88:9 | data indirection | test.cpp:88:6:88:9 | data indirection |
| test.cpp:88:6:88:9 | data indirection | test.cpp:88:6:88:9 | data indirection |
| test.cpp:88:6:88:9 | data indirection | test.cpp:88:6:88:9 | data indirection |
| test.cpp:88:6:88:9 | data indirection | test.cpp:88:6:88:9 | data indirection |
| test.cpp:88:6:88:9 | use output argument | test.cpp:88:6:88:9 | data indirection |
| test.cpp:93:8:93:11 | definition of data indirection | test.cpp:93:8:93:11 | definition of data indirection |
| test.cpp:93:8:93:11 | definition of data indirection | test.cpp:93:8:93:11 | definition of data indirection |
| test.cpp:93:15:93:19 | definition of data2 indirection | test.cpp:93:15:93:19 | definition of data2 indirection |
| test.cpp:93:15:93:19 | definition of data2 indirection | test.cpp:93:15:93:19 | definition of data2 indirection |
| test.cpp:94:2:94:5 | data indirection | test.cpp:94:2:94:5 | data indirection |
| test.cpp:94:2:94:5 | data indirection | test.cpp:94:2:94:5 | data indirection |
| test.cpp:94:2:94:40 | ... = ... | test.cpp:95:10:95:13 | data |
| test.cpp:94:2:94:40 | ... = ... indirection | test.cpp:95:10:95:13 | data indirection |
| test.cpp:94:9:94:40 | (char *)... indirection | test.cpp:94:9:94:40 | call to malloc indirection |
| test.cpp:94:9:94:40 | call to malloc | test.cpp:94:2:94:40 | ... = ... |
| test.cpp:94:9:94:40 | call to malloc indirection | test.cpp:94:2:94:40 | ... = ... indirection |
| test.cpp:94:17:94:22 | call to malloc | test.cpp:94:9:94:40 | call to malloc |
| test.cpp:94:17:94:22 | call to malloc | test.cpp:94:17:94:22 | call to malloc |
| test.cpp:94:17:94:22 | call to malloc | test.cpp:94:17:94:22 | call to malloc |
| test.cpp:94:17:94:22 | call to malloc | test.cpp:94:17:94:22 | call to malloc indirection |
| test.cpp:94:17:94:22 | call to malloc indirection | test.cpp:94:9:94:40 | (char *)... indirection |
| test.cpp:94:17:94:22 | call to malloc indirection | test.cpp:94:9:94:40 | call to malloc indirection |
| test.cpp:94:17:94:22 | call to malloc indirection | test.cpp:94:17:94:22 | call to malloc indirection |
| test.cpp:94:17:94:22 | call to malloc indirection | test.cpp:94:17:94:22 | call to malloc indirection |
| test.cpp:94:17:94:22 | call to malloc indirection | test.cpp:94:17:94:22 | call to malloc indirection |
| test.cpp:94:17:94:22 | call to malloc indirection | test.cpp:94:17:94:22 | call to malloc indirection |
| test.cpp:94:17:94:22 | call to malloc indirection | test.cpp:94:17:94:22 | call to malloc indirection |
| test.cpp:95:2:95:6 | data2 indirection | test.cpp:95:2:95:6 | data2 indirection |
| test.cpp:95:2:95:6 | data2 indirection | test.cpp:95:2:95:6 | data2 indirection |
| test.cpp:95:2:95:13 | ... = ... | test.cpp:97:6:97:10 | data2 |
| test.cpp:95:2:95:13 | ... = ... indirection | test.cpp:97:6:97:10 | data2 indirection |
| test.cpp:95:10:95:13 | data | test.cpp:95:2:95:13 | ... = ... |
| test.cpp:95:10:95:13 | data | test.cpp:95:10:95:13 | data |
| test.cpp:95:10:95:13 | data | test.cpp:96:7:96:10 | data |
| test.cpp:95:10:95:13 | data indirection | test.cpp:95:2:95:13 | ... = ... indirection |
| test.cpp:95:10:95:13 | data indirection | test.cpp:95:10:95:13 | data indirection |
| test.cpp:95:10:95:13 | data indirection | test.cpp:95:10:95:13 | data indirection |
| test.cpp:95:10:95:13 | data indirection | test.cpp:95:10:95:13 | data indirection |
| test.cpp:95:10:95:13 | data indirection | test.cpp:95:10:95:13 | data indirection |
| test.cpp:95:10:95:13 | data indirection | test.cpp:96:7:96:10 | data indirection |
| test.cpp:96:2:96:5 | call to free indirection | test.cpp:96:2:96:5 | call to free indirection |
| test.cpp:96:7:96:10 | (void *)... indirection | test.cpp:96:7:96:10 | data indirection |
| test.cpp:96:7:96:10 | (void *)... indirection | test.cpp:96:7:96:10 | data indirection |
| test.cpp:96:7:96:10 | data | test.cpp:96:7:96:10 | data |
| test.cpp:96:7:96:10 | data indirection | test.cpp:96:7:96:10 | (void *)... indirection |
| test.cpp:96:7:96:10 | data indirection | test.cpp:96:7:96:10 | data indirection |
| test.cpp:96:7:96:10 | data indirection | test.cpp:96:7:96:10 | data indirection |
| test.cpp:96:7:96:10 | data indirection | test.cpp:96:7:96:10 | data indirection |
| test.cpp:96:7:96:10 | data indirection | test.cpp:96:7:96:10 | data indirection |
| test.cpp:96:7:96:10 | data indirection | test.cpp:96:7:96:10 | data indirection |
| test.cpp:96:7:96:10 | free output argument | test.cpp:96:7:96:10 | data indirection |
| test.cpp:97:2:97:4 | call to use indirection | test.cpp:97:2:97:4 | call to use indirection |
| test.cpp:97:6:97:10 | data2 | test.cpp:97:6:97:10 | data2 |
| test.cpp:97:6:97:10 | data2 indirection | test.cpp:97:6:97:10 | data2 indirection |
| test.cpp:97:6:97:10 | data2 indirection | test.cpp:97:6:97:10 | data2 indirection |
| test.cpp:97:6:97:10 | data2 indirection | test.cpp:97:6:97:10 | data2 indirection |
| test.cpp:97:6:97:10 | data2 indirection | test.cpp:97:6:97:10 | data2 indirection |
| test.cpp:97:6:97:10 | data2 indirection | test.cpp:97:6:97:10 | data2 indirection |
| test.cpp:97:6:97:10 | use output argument | test.cpp:97:6:97:10 | data2 indirection |
| test.cpp:102:8:102:11 | definition of data indirection | test.cpp:102:8:102:11 | definition of data indirection |
| test.cpp:102:8:102:11 | definition of data indirection | test.cpp:102:8:102:11 | definition of data indirection |
| test.cpp:102:15:102:19 | definition of data2 indirection | test.cpp:102:15:102:19 | definition of data2 indirection |
| test.cpp:102:15:102:19 | definition of data2 indirection | test.cpp:102:15:102:19 | definition of data2 indirection |
| test.cpp:103:2:103:5 | data indirection | test.cpp:103:2:103:5 | data indirection |
| test.cpp:103:2:103:5 | data indirection | test.cpp:103:2:103:5 | data indirection |
| test.cpp:103:2:103:40 | ... = ... | test.cpp:104:10:104:13 | data |
| test.cpp:103:2:103:40 | ... = ... indirection | test.cpp:104:10:104:13 | data indirection |
| test.cpp:103:9:103:40 | (char *)... indirection | test.cpp:103:9:103:40 | call to malloc indirection |
| test.cpp:103:9:103:40 | call to malloc | test.cpp:103:2:103:40 | ... = ... |
| test.cpp:103:9:103:40 | call to malloc indirection | test.cpp:103:2:103:40 | ... = ... indirection |
| test.cpp:103:17:103:22 | call to malloc | test.cpp:103:9:103:40 | call to malloc |
| test.cpp:103:17:103:22 | call to malloc | test.cpp:103:17:103:22 | call to malloc |
| test.cpp:103:17:103:22 | call to malloc | test.cpp:103:17:103:22 | call to malloc |
| test.cpp:103:17:103:22 | call to malloc | test.cpp:103:17:103:22 | call to malloc indirection |
| test.cpp:103:17:103:22 | call to malloc indirection | test.cpp:103:9:103:40 | (char *)... indirection |
| test.cpp:103:17:103:22 | call to malloc indirection | test.cpp:103:9:103:40 | call to malloc indirection |
| test.cpp:103:17:103:22 | call to malloc indirection | test.cpp:103:17:103:22 | call to malloc indirection |
| test.cpp:103:17:103:22 | call to malloc indirection | test.cpp:103:17:103:22 | call to malloc indirection |
| test.cpp:103:17:103:22 | call to malloc indirection | test.cpp:103:17:103:22 | call to malloc indirection |
| test.cpp:103:17:103:22 | call to malloc indirection | test.cpp:103:17:103:22 | call to malloc indirection |
| test.cpp:103:17:103:22 | call to malloc indirection | test.cpp:103:17:103:22 | call to malloc indirection |
| test.cpp:104:2:104:6 | data2 indirection | test.cpp:104:2:104:6 | data2 indirection |
| test.cpp:104:2:104:6 | data2 indirection | test.cpp:104:2:104:6 | data2 indirection |
| test.cpp:104:10:104:13 | data | test.cpp:104:2:104:13 | ... = ... |
| test.cpp:104:10:104:13 | data | test.cpp:104:10:104:13 | data |
| test.cpp:104:10:104:13 | data | test.cpp:105:7:105:10 | data |
| test.cpp:104:10:104:13 | data indirection | test.cpp:104:2:104:13 | ... = ... indirection |
| test.cpp:104:10:104:13 | data indirection | test.cpp:104:10:104:13 | data indirection |
| test.cpp:104:10:104:13 | data indirection | test.cpp:104:10:104:13 | data indirection |
| test.cpp:104:10:104:13 | data indirection | test.cpp:104:10:104:13 | data indirection |
| test.cpp:104:10:104:13 | data indirection | test.cpp:104:10:104:13 | data indirection |
| test.cpp:104:10:104:13 | data indirection | test.cpp:105:7:105:10 | data indirection |
| test.cpp:105:2:105:5 | call to free indirection | test.cpp:105:2:105:5 | call to free indirection |
| test.cpp:105:7:105:10 | (void *)... indirection | test.cpp:105:7:105:10 | data indirection |
| test.cpp:105:7:105:10 | (void *)... indirection | test.cpp:105:7:105:10 | data indirection |
| test.cpp:105:7:105:10 | data | test.cpp:105:7:105:10 | data |
| test.cpp:105:7:105:10 | data | test.cpp:107:6:107:9 | data |
| test.cpp:105:7:105:10 | data indirection | test.cpp:105:7:105:10 | (void *)... indirection |
| test.cpp:105:7:105:10 | data indirection | test.cpp:105:7:105:10 | data indirection |
| test.cpp:105:7:105:10 | data indirection | test.cpp:105:7:105:10 | data indirection |
| test.cpp:105:7:105:10 | data indirection | test.cpp:105:7:105:10 | data indirection |
| test.cpp:105:7:105:10 | data indirection | test.cpp:105:7:105:10 | data indirection |
| test.cpp:105:7:105:10 | data indirection | test.cpp:107:6:107:9 | data indirection |
| test.cpp:105:7:105:10 | free output argument | test.cpp:107:6:107:9 | data indirection |
| test.cpp:106:2:106:6 | data2 indirection | test.cpp:106:2:106:6 | data2 indirection |
| test.cpp:106:2:106:6 | data2 indirection | test.cpp:106:2:106:6 | data2 indirection |
| test.cpp:106:10:106:13 | 0 | test.cpp:106:2:106:13 | ... = ... |
| test.cpp:106:10:106:13 | 0 indirection | test.cpp:106:2:106:13 | ... = ... indirection |
| test.cpp:106:10:106:13 | (char *)... indirection | test.cpp:106:10:106:13 | 0 indirection |
| test.cpp:107:2:107:4 | call to use indirection | test.cpp:107:2:107:4 | call to use indirection |
| test.cpp:107:6:107:9 | data | test.cpp:107:6:107:9 | data |
| test.cpp:107:6:107:9 | data indirection | test.cpp:107:6:107:9 | data indirection |
| test.cpp:107:6:107:9 | data indirection | test.cpp:107:6:107:9 | data indirection |
| test.cpp:107:6:107:9 | data indirection | test.cpp:107:6:107:9 | data indirection |
| test.cpp:107:6:107:9 | data indirection | test.cpp:107:6:107:9 | data indirection |
| test.cpp:107:6:107:9 | data indirection | test.cpp:107:6:107:9 | data indirection |
| test.cpp:107:6:107:9 | use output argument | test.cpp:107:6:107:9 | data indirection |
| test.cpp:112:8:112:11 | definition of data indirection | test.cpp:112:8:112:11 | definition of data indirection |
| test.cpp:112:8:112:11 | definition of data indirection | test.cpp:112:8:112:11 | definition of data indirection |
| test.cpp:112:15:112:19 | definition of data2 indirection | test.cpp:112:15:112:19 | definition of data2 indirection |
| test.cpp:112:15:112:19 | definition of data2 indirection | test.cpp:112:15:112:19 | definition of data2 indirection |
| test.cpp:113:2:113:6 | data2 indirection | test.cpp:113:2:113:6 | data2 indirection |
| test.cpp:113:2:113:6 | data2 indirection | test.cpp:113:2:113:6 | data2 indirection |
| test.cpp:113:2:113:41 | ... = ... | test.cpp:114:9:114:13 | data2 |
| test.cpp:113:2:113:41 | ... = ... indirection | test.cpp:114:9:114:13 | data2 indirection |
| test.cpp:113:10:113:41 | (char *)... indirection | test.cpp:113:10:113:41 | call to malloc indirection |
| test.cpp:113:10:113:41 | call to malloc | test.cpp:113:2:113:41 | ... = ... |
| test.cpp:113:10:113:41 | call to malloc indirection | test.cpp:113:2:113:41 | ... = ... indirection |
| test.cpp:113:18:113:23 | call to malloc | test.cpp:113:10:113:41 | call to malloc |
| test.cpp:113:18:113:23 | call to malloc | test.cpp:113:18:113:23 | call to malloc |
| test.cpp:113:18:113:23 | call to malloc | test.cpp:113:18:113:23 | call to malloc |
| test.cpp:113:18:113:23 | call to malloc | test.cpp:113:18:113:23 | call to malloc indirection |
| test.cpp:113:18:113:23 | call to malloc indirection | test.cpp:113:10:113:41 | (char *)... indirection |
| test.cpp:113:18:113:23 | call to malloc indirection | test.cpp:113:10:113:41 | call to malloc indirection |
| test.cpp:113:18:113:23 | call to malloc indirection | test.cpp:113:18:113:23 | call to malloc indirection |
| test.cpp:113:18:113:23 | call to malloc indirection | test.cpp:113:18:113:23 | call to malloc indirection |
| test.cpp:113:18:113:23 | call to malloc indirection | test.cpp:113:18:113:23 | call to malloc indirection |
| test.cpp:113:18:113:23 | call to malloc indirection | test.cpp:113:18:113:23 | call to malloc indirection |
| test.cpp:113:18:113:23 | call to malloc indirection | test.cpp:113:18:113:23 | call to malloc indirection |
| test.cpp:114:2:114:5 | data indirection | test.cpp:114:2:114:5 | data indirection |
| test.cpp:114:2:114:5 | data indirection | test.cpp:114:2:114:5 | data indirection |
| test.cpp:114:2:114:13 | ... = ... | test.cpp:115:7:115:10 | data |
| test.cpp:114:2:114:13 | ... = ... indirection | test.cpp:115:7:115:10 | data indirection |
| test.cpp:114:9:114:13 | data2 | test.cpp:114:2:114:13 | ... = ... |
| test.cpp:114:9:114:13 | data2 | test.cpp:114:9:114:13 | data2 |
| test.cpp:114:9:114:13 | data2 indirection | test.cpp:114:2:114:13 | ... = ... indirection |
| test.cpp:114:9:114:13 | data2 indirection | test.cpp:114:9:114:13 | data2 indirection |
| test.cpp:114:9:114:13 | data2 indirection | test.cpp:114:9:114:13 | data2 indirection |
| test.cpp:114:9:114:13 | data2 indirection | test.cpp:114:9:114:13 | data2 indirection |
| test.cpp:114:9:114:13 | data2 indirection | test.cpp:114:9:114:13 | data2 indirection |
| test.cpp:115:2:115:5 | call to free indirection | test.cpp:115:2:115:5 | call to free indirection |
| test.cpp:115:7:115:10 | (void *)... indirection | test.cpp:115:7:115:10 | data indirection |
| test.cpp:115:7:115:10 | (void *)... indirection | test.cpp:115:7:115:10 | data indirection |
| test.cpp:115:7:115:10 | data | test.cpp:115:7:115:10 | data |
| test.cpp:115:7:115:10 | data | test.cpp:117:6:117:9 | data |
| test.cpp:115:7:115:10 | data indirection | test.cpp:115:7:115:10 | (void *)... indirection |
| test.cpp:115:7:115:10 | data indirection | test.cpp:115:7:115:10 | data indirection |
| test.cpp:115:7:115:10 | data indirection | test.cpp:115:7:115:10 | data indirection |
| test.cpp:115:7:115:10 | data indirection | test.cpp:115:7:115:10 | data indirection |
| test.cpp:115:7:115:10 | data indirection | test.cpp:115:7:115:10 | data indirection |
| test.cpp:115:7:115:10 | data indirection | test.cpp:117:6:117:9 | data indirection |
| test.cpp:115:7:115:10 | free output argument | test.cpp:117:6:117:9 | data indirection |
| test.cpp:116:2:116:6 | data2 indirection | test.cpp:116:2:116:6 | data2 indirection |
| test.cpp:116:2:116:6 | data2 indirection | test.cpp:116:2:116:6 | data2 indirection |
| test.cpp:116:10:116:13 | 0 | test.cpp:116:2:116:13 | ... = ... |
| test.cpp:116:10:116:13 | 0 indirection | test.cpp:116:2:116:13 | ... = ... indirection |
| test.cpp:116:10:116:13 | (char *)... indirection | test.cpp:116:10:116:13 | 0 indirection |
| test.cpp:117:2:117:4 | call to use indirection | test.cpp:117:2:117:4 | call to use indirection |
| test.cpp:117:6:117:9 | data | test.cpp:117:6:117:9 | data |
| test.cpp:117:6:117:9 | data indirection | test.cpp:117:6:117:9 | data indirection |
| test.cpp:117:6:117:9 | data indirection | test.cpp:117:6:117:9 | data indirection |
| test.cpp:117:6:117:9 | data indirection | test.cpp:117:6:117:9 | data indirection |
| test.cpp:117:6:117:9 | data indirection | test.cpp:117:6:117:9 | data indirection |
| test.cpp:117:6:117:9 | data indirection | test.cpp:117:6:117:9 | data indirection |
| test.cpp:117:6:117:9 | use output argument | test.cpp:117:6:117:9 | data indirection |
| test.cpp:120:26:120:33 | call to noReturn indirection | test.cpp:120:26:120:33 | call to noReturn indirection |
| test.cpp:124:8:124:11 | definition of data | test.cpp:125:7:125:10 | data |
| test.cpp:124:8:124:11 | definition of data indirection | test.cpp:124:8:124:11 | definition of data indirection |
| test.cpp:124:8:124:11 | definition of data indirection | test.cpp:124:8:124:11 | definition of data indirection |
| test.cpp:124:8:124:11 | definition of data indirection | test.cpp:125:7:125:10 | data indirection |
| test.cpp:124:15:124:19 | definition of data2 indirection | test.cpp:124:15:124:19 | definition of data2 indirection |
| test.cpp:124:15:124:19 | definition of data2 indirection | test.cpp:124:15:124:19 | definition of data2 indirection |
| test.cpp:125:2:125:5 | call to free indirection | test.cpp:125:2:125:5 | call to free indirection |
| test.cpp:125:7:125:10 | (void *)... indirection | test.cpp:125:7:125:10 | data indirection |
| test.cpp:125:7:125:10 | (void *)... indirection | test.cpp:125:7:125:10 | data indirection |
| test.cpp:125:7:125:10 | data | test.cpp:125:7:125:10 | data |
| test.cpp:125:7:125:10 | data | test.cpp:127:6:127:9 | data |
| test.cpp:125:7:125:10 | data indirection | test.cpp:125:7:125:10 | (void *)... indirection |
| test.cpp:125:7:125:10 | data indirection | test.cpp:125:7:125:10 | data indirection |
| test.cpp:125:7:125:10 | data indirection | test.cpp:125:7:125:10 | data indirection |
| test.cpp:125:7:125:10 | data indirection | test.cpp:125:7:125:10 | data indirection |
| test.cpp:125:7:125:10 | data indirection | test.cpp:125:7:125:10 | data indirection |
| test.cpp:125:7:125:10 | data indirection | test.cpp:127:6:127:9 | data indirection |
| test.cpp:125:7:125:10 | free output argument | test.cpp:127:6:127:9 | data indirection |
| test.cpp:126:2:126:16 | call to noReturnWrapper indirection | test.cpp:126:2:126:16 | call to noReturnWrapper indirection |
| test.cpp:127:2:127:4 | call to use indirection | test.cpp:127:2:127:4 | call to use indirection |
| test.cpp:127:6:127:9 | data | test.cpp:127:6:127:9 | data |
| test.cpp:127:6:127:9 | data indirection | test.cpp:127:6:127:9 | data indirection |
| test.cpp:127:6:127:9 | data indirection | test.cpp:127:6:127:9 | data indirection |
| test.cpp:127:6:127:9 | data indirection | test.cpp:127:6:127:9 | data indirection |
| test.cpp:127:6:127:9 | data indirection | test.cpp:127:6:127:9 | data indirection |
| test.cpp:127:6:127:9 | data indirection | test.cpp:127:6:127:9 | data indirection |
| test.cpp:127:6:127:9 | use output argument | test.cpp:127:6:127:9 | data indirection |
| test.cpp:132:13:132:16 | definition of data | test.cpp:132:19:132:22 | Phi |
| test.cpp:132:13:132:16 | definition of data indirection | test.cpp:132:13:132:16 | definition of data indirection |
| test.cpp:132:13:132:16 | definition of data indirection | test.cpp:132:13:132:16 | definition of data indirection |
| test.cpp:132:13:132:16 | definition of data indirection | test.cpp:132:19:132:22 | Phi |
| test.cpp:132:19:132:22 | Phi | test.cpp:132:19:132:22 | Phi |
| test.cpp:132:19:132:22 | Phi | test.cpp:134:7:134:10 | data |
| test.cpp:132:19:132:22 | Phi | test.cpp:134:7:134:10 | data |
| test.cpp:132:19:132:22 | Phi | test.cpp:134:7:134:10 | data indirection |
| test.cpp:132:25:132:28 | data indirection | test.cpp:132:25:132:28 | data indirection |
| test.cpp:132:25:132:28 | data indirection | test.cpp:132:25:132:28 | data indirection |
| test.cpp:132:25:132:35 | ... = ... | test.cpp:132:19:132:22 | Phi |
| test.cpp:132:25:132:35 | ... = ... indirection | test.cpp:132:19:132:22 | Phi |
| test.cpp:132:32:132:35 | 0 | test.cpp:132:25:132:35 | ... = ... |
| test.cpp:132:32:132:35 | 0 indirection | test.cpp:132:25:132:35 | ... = ... indirection |
| test.cpp:132:32:132:35 | (char *)... indirection | test.cpp:132:32:132:35 | 0 indirection |
| test.cpp:134:3:134:5 | call to use indirection | test.cpp:134:3:134:5 | call to use indirection |
| test.cpp:134:7:134:10 | data | test.cpp:134:7:134:10 | data |
| test.cpp:134:7:134:10 | data | test.cpp:135:8:135:11 | data |
| test.cpp:134:7:134:10 | data | test.cpp:135:8:135:11 | data |
| test.cpp:134:7:134:10 | data indirection | test.cpp:134:7:134:10 | data indirection |
| test.cpp:134:7:134:10 | data indirection | test.cpp:134:7:134:10 | data indirection |
| test.cpp:134:7:134:10 | data indirection | test.cpp:134:7:134:10 | data indirection |
| test.cpp:134:7:134:10 | data indirection | test.cpp:134:7:134:10 | data indirection |
| test.cpp:134:7:134:10 | data indirection | test.cpp:135:8:135:11 | data indirection |
| test.cpp:134:7:134:10 | use output argument | test.cpp:135:8:135:11 | data indirection |
| test.cpp:135:3:135:6 | call to free indirection | test.cpp:135:3:135:6 | call to free indirection |
| test.cpp:135:8:135:11 | (void *)... indirection | test.cpp:135:8:135:11 | data indirection |
| test.cpp:135:8:135:11 | (void *)... indirection | test.cpp:135:8:135:11 | data indirection |
| test.cpp:135:8:135:11 | data | test.cpp:132:19:132:22 | Phi |
| test.cpp:135:8:135:11 | data | test.cpp:135:8:135:11 | data |
| test.cpp:135:8:135:11 | data indirection | test.cpp:135:8:135:11 | (void *)... indirection |
| test.cpp:135:8:135:11 | data indirection | test.cpp:135:8:135:11 | data indirection |
| test.cpp:135:8:135:11 | data indirection | test.cpp:135:8:135:11 | data indirection |
| test.cpp:135:8:135:11 | data indirection | test.cpp:135:8:135:11 | data indirection |
| test.cpp:135:8:135:11 | data indirection | test.cpp:135:8:135:11 | data indirection |
| test.cpp:135:8:135:11 | data indirection | test.cpp:135:8:135:11 | data indirection |
| test.cpp:135:8:135:11 | free output argument | test.cpp:135:8:135:11 | data indirection |
| test.cpp:142:2:142:8 | myClass | test.cpp:142:2:142:8 | myClass |
| test.cpp:142:2:142:8 | myClass | test.cpp:142:2:142:8 | myClass |
| test.cpp:142:2:142:8 | myClass indirection | test.cpp:142:2:142:8 | myClass |
| test.cpp:142:2:142:8 | myClass indirection | test.cpp:142:2:142:8 | myClass indirection |
| test.cpp:142:2:142:8 | myClass indirection | test.cpp:142:2:142:8 | myClass indirection |
| test.cpp:142:2:142:8 | myClass indirection | test.cpp:142:2:142:8 | myClass indirection |
| test.cpp:142:2:142:8 | this | test.cpp:142:2:142:8 | myClass indirection |
| test.cpp:142:2:142:8 | this indirection | test.cpp:142:2:142:8 | myClass indirection |
| test.cpp:144:7:144:14 | myMethod | test.cpp:144:7:144:14 | myMethod |
| test.cpp:144:7:144:14 | myMethod | test.cpp:144:7:144:14 | myMethod |
| test.cpp:144:7:144:14 | myMethod indirection | test.cpp:144:7:144:14 | myMethod |
| test.cpp:144:7:144:14 | myMethod indirection | test.cpp:144:7:144:14 | myMethod indirection |
| test.cpp:144:7:144:14 | myMethod indirection | test.cpp:144:7:144:14 | myMethod indirection |
| test.cpp:144:7:144:14 | myMethod indirection | test.cpp:144:7:144:14 | myMethod indirection |
| test.cpp:144:7:144:14 | this | test.cpp:144:7:144:14 | myMethod indirection |
| test.cpp:144:7:144:14 | this indirection | test.cpp:144:7:144:14 | myMethod indirection |
| test.cpp:148:11:148:11 | definition of c indirection | test.cpp:148:11:148:11 | definition of c indirection |
| test.cpp:148:11:148:11 | definition of c indirection | test.cpp:148:11:148:11 | definition of c indirection |
| test.cpp:148:15:148:27 | call to myClass | test.cpp:148:15:148:27 | new indirection |
| test.cpp:148:15:148:27 | call to myClass indirection | test.cpp:148:15:148:27 | call to myClass indirection |
| test.cpp:148:15:148:27 | new | test.cpp:148:15:148:27 | new |
| test.cpp:148:15:148:27 | new | test.cpp:148:15:148:27 | new |
| test.cpp:148:15:148:27 | new | test.cpp:148:15:148:27 | new |
| test.cpp:148:15:148:27 | new | test.cpp:148:15:148:27 | new |
| test.cpp:148:15:148:27 | new | test.cpp:148:15:148:27 | new |
| test.cpp:148:15:148:27 | new | test.cpp:148:15:148:27 | new |
| test.cpp:148:15:148:27 | new | test.cpp:148:15:148:27 | new indirection |
| test.cpp:148:15:148:27 | new | test.cpp:149:9:149:9 | c indirection |
| test.cpp:148:15:148:27 | new indirection | test.cpp:148:15:148:27 | new indirection |
| test.cpp:148:15:148:27 | new indirection | test.cpp:148:15:148:27 | new indirection |
| test.cpp:148:15:148:27 | new indirection | test.cpp:148:15:148:27 | new indirection |
| test.cpp:148:15:148:27 | new indirection | test.cpp:148:15:148:27 | new indirection |
| test.cpp:148:15:148:27 | new indirection | test.cpp:148:15:148:27 | new indirection |
| test.cpp:148:15:148:27 | new indirection | test.cpp:148:15:148:27 | new indirection |
| test.cpp:148:15:148:27 | new indirection | test.cpp:148:15:148:27 | new indirection |
| test.cpp:148:15:148:27 | new indirection | test.cpp:148:15:148:27 | new indirection |
| test.cpp:148:15:148:27 | new indirection | test.cpp:148:15:148:27 | new indirection |
| test.cpp:148:15:148:27 | new indirection | test.cpp:148:15:148:27 | new indirection |
| test.cpp:148:15:148:27 | new indirection | test.cpp:148:15:148:27 | new indirection |
| test.cpp:148:15:148:27 | new indirection | test.cpp:149:9:149:9 | c indirection |
| test.cpp:149:9:149:9 | c indirection | test.cpp:149:9:149:9 | c |
| test.cpp:149:9:149:9 | c indirection | test.cpp:149:9:149:9 | c indirection |
| test.cpp:149:9:149:9 | c indirection | test.cpp:149:9:149:9 | c indirection |
| test.cpp:149:9:149:9 | c indirection | test.cpp:150:2:150:2 | c |
| test.cpp:149:9:149:9 | c indirection | test.cpp:150:2:150:2 | c indirection |
| test.cpp:150:2:150:2 | c | test.cpp:150:2:150:2 | c |
| test.cpp:150:2:150:2 | c | test.cpp:151:4:151:4 | c |
| test.cpp:150:2:150:2 | c indirection | test.cpp:150:2:150:2 | c indirection |
| test.cpp:150:2:150:2 | c indirection | test.cpp:150:2:150:2 | c indirection |
| test.cpp:150:2:150:2 | c indirection | test.cpp:150:2:150:2 | c indirection |
| test.cpp:150:2:150:2 | c indirection | test.cpp:150:2:150:2 | c indirection |
| test.cpp:150:2:150:2 | c indirection | test.cpp:151:4:151:4 | c indirection |
| test.cpp:150:2:150:2 | myMethod output argument | test.cpp:151:4:151:4 | c indirection |
| test.cpp:150:5:150:12 | call to myMethod indirection | test.cpp:150:5:150:12 | call to myMethod indirection |
| test.cpp:151:3:151:4 | * ... indirection | test.cpp:151:3:151:4 | * ... indirection |
| test.cpp:151:3:151:4 | * ... indirection | test.cpp:151:3:151:4 | * ... indirection |
| test.cpp:151:3:151:4 | myMethod output argument | test.cpp:151:3:151:4 | * ... indirection |
| test.cpp:151:4:151:4 | c | test.cpp:151:3:151:4 | * ... |
| test.cpp:151:4:151:4 | c indirection | test.cpp:151:3:151:4 | * ... indirection |
| test.cpp:151:4:151:4 | c indirection | test.cpp:151:3:151:4 | * ... indirection |
| test.cpp:151:4:151:4 | c indirection | test.cpp:151:4:151:4 | c indirection |
| test.cpp:151:4:151:4 | c indirection | test.cpp:151:4:151:4 | c indirection |
| test.cpp:151:4:151:4 | c indirection | test.cpp:151:4:151:4 | c indirection |
| test.cpp:151:7:151:14 | call to myMethod indirection | test.cpp:151:7:151:14 | call to myMethod indirection |
| test.cpp:162:17:162:21 | count | test.cpp:166:18:166:18 | Phi |
| test.cpp:162:17:162:21 | count indirection | test.cpp:162:17:162:21 | count indirection |
| test.cpp:164:8:164:11 | definition of data indirection | test.cpp:164:8:164:11 | definition of data indirection |
| test.cpp:164:8:164:11 | definition of data indirection | test.cpp:164:8:164:11 | definition of data indirection |
| test.cpp:164:15:164:18 | 0 | test.cpp:164:15:164:18 | (char *)... |
| test.cpp:164:15:164:18 | 0 indirection | test.cpp:164:15:164:18 | (char *)... indirection |
| test.cpp:164:15:164:18 | (char *)... | test.cpp:165:7:165:10 | data |
| test.cpp:164:15:164:18 | (char *)... indirection | test.cpp:164:15:164:18 | 0 indirection |
| test.cpp:164:15:164:18 | (char *)... indirection | test.cpp:165:7:165:10 | data indirection |
| test.cpp:165:2:165:5 | call to free indirection | test.cpp:165:2:165:5 | call to free indirection |
| test.cpp:165:7:165:10 | (void *)... indirection | test.cpp:165:7:165:10 | data indirection |
| test.cpp:165:7:165:10 | (void *)... indirection | test.cpp:165:7:165:10 | data indirection |
| test.cpp:165:7:165:10 | data | test.cpp:165:7:165:10 | data |
| test.cpp:165:7:165:10 | data | test.cpp:166:18:166:18 | Phi |
| test.cpp:165:7:165:10 | data indirection | test.cpp:165:7:165:10 | (void *)... indirection |
| test.cpp:165:7:165:10 | data indirection | test.cpp:165:7:165:10 | data indirection |
| test.cpp:165:7:165:10 | data indirection | test.cpp:165:7:165:10 | data indirection |
| test.cpp:165:7:165:10 | data indirection | test.cpp:165:7:165:10 | data indirection |
| test.cpp:165:7:165:10 | data indirection | test.cpp:165:7:165:10 | data indirection |
| test.cpp:165:7:165:10 | data indirection | test.cpp:166:18:166:18 | Phi |
| test.cpp:165:7:165:10 | free output argument | test.cpp:166:18:166:18 | Phi |
| test.cpp:166:11:166:11 | definition of i indirection | test.cpp:166:11:166:11 | definition of i indirection |
| test.cpp:166:14:166:15 | 0 | test.cpp:166:14:166:15 | 0 |
| test.cpp:166:14:166:15 | 0 | test.cpp:166:18:166:18 | Phi |
| test.cpp:166:18:166:18 | Phi | test.cpp:166:18:166:18 | Phi |
| test.cpp:166:18:166:18 | Phi | test.cpp:166:18:166:18 | Phi |
| test.cpp:166:18:166:18 | Phi | test.cpp:166:18:166:18 | Phi |
| test.cpp:166:18:166:18 | Phi | test.cpp:166:18:166:18 | i |
| test.cpp:166:18:166:18 | Phi | test.cpp:166:18:166:18 | i |
| test.cpp:166:18:166:18 | Phi | test.cpp:166:22:166:26 | count |
| test.cpp:166:18:166:18 | Phi | test.cpp:166:22:166:26 | count |
| test.cpp:166:18:166:18 | Phi | test.cpp:170:6:170:9 | data |
| test.cpp:166:18:166:18 | Phi | test.cpp:170:6:170:9 | data indirection |
| test.cpp:166:18:166:18 | i | test.cpp:166:18:166:18 | i |
| test.cpp:166:18:166:18 | i | test.cpp:166:29:166:29 | i |
| test.cpp:166:18:166:18 | i | test.cpp:166:29:166:29 | i |
| test.cpp:166:22:166:26 | count | test.cpp:166:18:166:18 | Phi |
| test.cpp:166:22:166:26 | count | test.cpp:166:18:166:18 | Phi |
| test.cpp:166:22:166:26 | count | test.cpp:166:22:166:26 | count |
| test.cpp:166:29:166:29 | i | test.cpp:166:18:166:18 | Phi |
| test.cpp:166:29:166:29 | i | test.cpp:166:29:166:29 | i |
| test.cpp:166:29:166:29 | i | test.cpp:166:29:166:29 | i |
| test.cpp:166:29:166:29 | i | test.cpp:166:29:166:29 | i |
| test.cpp:166:29:166:31 | ... ++ | test.cpp:166:18:166:18 | Phi |
| test.cpp:166:29:166:31 | ... ++ | test.cpp:166:29:166:31 | ... ++ |
| test.cpp:168:3:168:6 | data indirection | test.cpp:168:3:168:6 | data indirection |
| test.cpp:168:3:168:6 | data indirection | test.cpp:168:3:168:6 | data indirection |
| test.cpp:168:3:168:13 | ... = ... | test.cpp:166:18:166:18 | Phi |
| test.cpp:168:3:168:13 | ... = ... indirection | test.cpp:166:18:166:18 | Phi |
| test.cpp:168:10:168:13 | 0 | test.cpp:168:3:168:13 | ... = ... |
| test.cpp:168:10:168:13 | 0 indirection | test.cpp:168:3:168:13 | ... = ... indirection |
| test.cpp:168:10:168:13 | (char *)... indirection | test.cpp:168:10:168:13 | 0 indirection |
| test.cpp:170:2:170:4 | call to use indirection | test.cpp:170:2:170:4 | call to use indirection |
| test.cpp:170:6:170:9 | data | test.cpp:170:6:170:9 | data |
| test.cpp:170:6:170:9 | data indirection | test.cpp:170:6:170:9 | data indirection |
| test.cpp:170:6:170:9 | data indirection | test.cpp:170:6:170:9 | data indirection |
| test.cpp:170:6:170:9 | data indirection | test.cpp:170:6:170:9 | data indirection |
| test.cpp:170:6:170:9 | data indirection | test.cpp:170:6:170:9 | data indirection |
| test.cpp:170:6:170:9 | data indirection | test.cpp:170:6:170:9 | data indirection |
| test.cpp:170:6:170:9 | use output argument | test.cpp:170:6:170:9 | data indirection |
| test.cpp:175:8:175:11 | definition of data indirection | test.cpp:175:8:175:11 | definition of data indirection |
| test.cpp:175:8:175:11 | definition of data indirection | test.cpp:175:8:175:11 | definition of data indirection |
| test.cpp:175:15:175:18 | 0 | test.cpp:175:15:175:18 | (char *)... |
| test.cpp:175:15:175:18 | 0 indirection | test.cpp:175:15:175:18 | (char *)... indirection |
| test.cpp:175:15:175:18 | (char *)... | test.cpp:176:7:176:10 | data |
| test.cpp:175:15:175:18 | (char *)... indirection | test.cpp:175:15:175:18 | 0 indirection |
| test.cpp:175:15:175:18 | (char *)... indirection | test.cpp:176:7:176:10 | data indirection |
| test.cpp:176:2:176:5 | call to free indirection | test.cpp:176:2:176:5 | call to free indirection |
| test.cpp:176:7:176:10 | (void *)... indirection | test.cpp:176:7:176:10 | data indirection |
| test.cpp:176:7:176:10 | (void *)... indirection | test.cpp:176:7:176:10 | data indirection |
| test.cpp:176:7:176:10 | data | test.cpp:176:7:176:10 | data |
| test.cpp:176:7:176:10 | data | test.cpp:177:18:177:18 | Phi |
| test.cpp:176:7:176:10 | data indirection | test.cpp:176:7:176:10 | (void *)... indirection |
| test.cpp:176:7:176:10 | data indirection | test.cpp:176:7:176:10 | data indirection |
| test.cpp:176:7:176:10 | data indirection | test.cpp:176:7:176:10 | data indirection |
| test.cpp:176:7:176:10 | data indirection | test.cpp:176:7:176:10 | data indirection |
| test.cpp:176:7:176:10 | data indirection | test.cpp:176:7:176:10 | data indirection |
| test.cpp:176:7:176:10 | data indirection | test.cpp:177:18:177:18 | Phi |
| test.cpp:176:7:176:10 | free output argument | test.cpp:177:18:177:18 | Phi |
| test.cpp:177:11:177:11 | definition of i indirection | test.cpp:177:11:177:11 | definition of i indirection |
| test.cpp:177:14:177:15 | 0 | test.cpp:177:14:177:15 | 0 |
| test.cpp:177:14:177:15 | 0 | test.cpp:177:18:177:18 | Phi |
| test.cpp:177:18:177:18 | Phi | test.cpp:177:18:177:18 | Phi |
| test.cpp:177:18:177:18 | Phi | test.cpp:177:18:177:18 | i |
| test.cpp:177:18:177:18 | Phi | test.cpp:177:18:177:18 | i |
| test.cpp:177:18:177:18 | Phi | test.cpp:181:6:181:9 | data |
| test.cpp:177:18:177:18 | Phi | test.cpp:181:6:181:9 | data indirection |
| test.cpp:177:18:177:18 | i | test.cpp:177:18:177:18 | i |
| test.cpp:177:18:177:18 | i | test.cpp:177:25:177:25 | i |
| test.cpp:177:18:177:18 | i | test.cpp:177:25:177:25 | i |
| test.cpp:177:25:177:25 | i | test.cpp:177:18:177:18 | Phi |
| test.cpp:177:25:177:25 | i | test.cpp:177:25:177:25 | i |
| test.cpp:177:25:177:25 | i | test.cpp:177:25:177:25 | i |
| test.cpp:177:25:177:25 | i | test.cpp:177:25:177:25 | i |
| test.cpp:177:25:177:27 | ... ++ | test.cpp:177:18:177:18 | Phi |
| test.cpp:177:25:177:27 | ... ++ | test.cpp:177:25:177:27 | ... ++ |
| test.cpp:179:3:179:6 | data indirection | test.cpp:179:3:179:6 | data indirection |
| test.cpp:179:3:179:6 | data indirection | test.cpp:179:3:179:6 | data indirection |
| test.cpp:179:3:179:13 | ... = ... | test.cpp:177:18:177:18 | Phi |
| test.cpp:179:3:179:13 | ... = ... indirection | test.cpp:177:18:177:18 | Phi |
| test.cpp:179:10:179:13 | 0 | test.cpp:179:3:179:13 | ... = ... |
| test.cpp:179:10:179:13 | 0 indirection | test.cpp:179:3:179:13 | ... = ... indirection |
| test.cpp:179:10:179:13 | (char *)... indirection | test.cpp:179:10:179:13 | 0 indirection |
| test.cpp:181:2:181:4 | call to use indirection | test.cpp:181:2:181:4 | call to use indirection |
| test.cpp:181:6:181:9 | data | test.cpp:181:6:181:9 | data |
| test.cpp:181:6:181:9 | data indirection | test.cpp:181:6:181:9 | data indirection |
| test.cpp:181:6:181:9 | data indirection | test.cpp:181:6:181:9 | data indirection |
| test.cpp:181:6:181:9 | data indirection | test.cpp:181:6:181:9 | data indirection |
| test.cpp:181:6:181:9 | data indirection | test.cpp:181:6:181:9 | data indirection |
| test.cpp:181:6:181:9 | data indirection | test.cpp:181:6:181:9 | data indirection |
| test.cpp:181:6:181:9 | use output argument | test.cpp:181:6:181:9 | data indirection |
| test.cpp:186:8:186:11 | definition of data indirection | test.cpp:186:8:186:11 | definition of data indirection |
| test.cpp:186:8:186:11 | definition of data indirection | test.cpp:186:8:186:11 | definition of data indirection |
| test.cpp:186:15:186:18 | 0 | test.cpp:186:15:186:18 | (char *)... |
| test.cpp:186:15:186:18 | 0 indirection | test.cpp:186:15:186:18 | (char *)... indirection |
| test.cpp:186:15:186:18 | (char *)... | test.cpp:187:7:187:10 | data |
| test.cpp:186:15:186:18 | (char *)... indirection | test.cpp:186:15:186:18 | 0 indirection |
| test.cpp:186:15:186:18 | (char *)... indirection | test.cpp:187:7:187:10 | data indirection |
| test.cpp:187:2:187:5 | call to free indirection | test.cpp:187:2:187:5 | call to free indirection |
| test.cpp:187:7:187:10 | (void *)... indirection | test.cpp:187:7:187:10 | data indirection |
| test.cpp:187:7:187:10 | (void *)... indirection | test.cpp:187:7:187:10 | data indirection |
| test.cpp:187:7:187:10 | data | test.cpp:187:7:187:10 | data |
| test.cpp:187:7:187:10 | data | test.cpp:188:18:188:18 | Phi |
| test.cpp:187:7:187:10 | data indirection | test.cpp:187:7:187:10 | (void *)... indirection |
| test.cpp:187:7:187:10 | data indirection | test.cpp:187:7:187:10 | data indirection |
| test.cpp:187:7:187:10 | data indirection | test.cpp:187:7:187:10 | data indirection |
| test.cpp:187:7:187:10 | data indirection | test.cpp:187:7:187:10 | data indirection |
| test.cpp:187:7:187:10 | data indirection | test.cpp:187:7:187:10 | data indirection |
| test.cpp:187:7:187:10 | data indirection | test.cpp:188:18:188:18 | Phi |
| test.cpp:187:7:187:10 | free output argument | test.cpp:188:18:188:18 | Phi |
| test.cpp:188:11:188:11 | definition of i indirection | test.cpp:188:11:188:11 | definition of i indirection |
| test.cpp:188:14:188:15 | 0 | test.cpp:188:14:188:15 | 0 |
| test.cpp:188:14:188:15 | 0 | test.cpp:188:18:188:18 | Phi |
| test.cpp:188:18:188:18 | Phi | test.cpp:188:18:188:18 | Phi |
| test.cpp:188:18:188:18 | Phi | test.cpp:188:18:188:18 | Phi |
| test.cpp:188:18:188:18 | Phi | test.cpp:188:18:188:18 | i |
| test.cpp:188:18:188:18 | Phi | test.cpp:188:18:188:18 | i |
| test.cpp:188:18:188:18 | Phi | test.cpp:191:8:191:11 | data |
| test.cpp:188:18:188:18 | Phi | test.cpp:193:6:193:9 | data |
| test.cpp:188:18:188:18 | Phi | test.cpp:193:6:193:9 | data |
| test.cpp:188:18:188:18 | Phi | test.cpp:193:6:193:9 | data indirection |
| test.cpp:188:18:188:18 | i | test.cpp:188:18:188:18 | i |
| test.cpp:188:18:188:18 | i | test.cpp:188:25:188:25 | i |
| test.cpp:188:18:188:18 | i | test.cpp:188:25:188:25 | i |
| test.cpp:188:25:188:25 | i | test.cpp:188:18:188:18 | Phi |
| test.cpp:188:25:188:25 | i | test.cpp:188:25:188:25 | i |
| test.cpp:188:25:188:25 | i | test.cpp:188:25:188:25 | i |
| test.cpp:188:25:188:25 | i | test.cpp:188:25:188:25 | i |
| test.cpp:188:25:188:27 | ... ++ | test.cpp:188:18:188:18 | Phi |
| test.cpp:188:25:188:27 | ... ++ | test.cpp:188:25:188:27 | ... ++ |
| test.cpp:190:3:190:6 | data indirection | test.cpp:190:3:190:6 | data indirection |
| test.cpp:190:3:190:6 | data indirection | test.cpp:190:3:190:6 | data indirection |
| test.cpp:190:3:190:13 | ... = ... | test.cpp:191:8:191:11 | data |
| test.cpp:190:3:190:13 | ... = ... indirection | test.cpp:191:8:191:11 | data indirection |
| test.cpp:190:10:190:13 | 0 | test.cpp:190:3:190:13 | ... = ... |
| test.cpp:190:10:190:13 | 0 indirection | test.cpp:190:3:190:13 | ... = ... indirection |
| test.cpp:190:10:190:13 | (char *)... indirection | test.cpp:190:10:190:13 | 0 indirection |
| test.cpp:191:3:191:6 | call to free indirection | test.cpp:191:3:191:6 | call to free indirection |
| test.cpp:191:8:191:11 | (void *)... indirection | test.cpp:191:8:191:11 | data indirection |
| test.cpp:191:8:191:11 | (void *)... indirection | test.cpp:191:8:191:11 | data indirection |
| test.cpp:191:8:191:11 | data | test.cpp:188:18:188:18 | Phi |
| test.cpp:191:8:191:11 | data | test.cpp:188:18:188:18 | Phi |
| test.cpp:191:8:191:11 | data | test.cpp:191:8:191:11 | data |
| test.cpp:191:8:191:11 | data indirection | test.cpp:188:18:188:18 | Phi |
| test.cpp:191:8:191:11 | data indirection | test.cpp:191:8:191:11 | (void *)... indirection |
| test.cpp:191:8:191:11 | data indirection | test.cpp:191:8:191:11 | data indirection |
| test.cpp:191:8:191:11 | data indirection | test.cpp:191:8:191:11 | data indirection |
| test.cpp:191:8:191:11 | data indirection | test.cpp:191:8:191:11 | data indirection |
| test.cpp:191:8:191:11 | data indirection | test.cpp:191:8:191:11 | data indirection |
| test.cpp:191:8:191:11 | free output argument | test.cpp:188:18:188:18 | Phi |
| test.cpp:193:2:193:4 | call to use indirection | test.cpp:193:2:193:4 | call to use indirection |
| test.cpp:193:6:193:9 | data | test.cpp:193:6:193:9 | data |
| test.cpp:193:6:193:9 | data indirection | test.cpp:193:6:193:9 | data indirection |
| test.cpp:193:6:193:9 | data indirection | test.cpp:193:6:193:9 | data indirection |
| test.cpp:193:6:193:9 | data indirection | test.cpp:193:6:193:9 | data indirection |
| test.cpp:193:6:193:9 | data indirection | test.cpp:193:6:193:9 | data indirection |
| test.cpp:193:6:193:9 | data indirection | test.cpp:193:6:193:9 | data indirection |
| test.cpp:193:6:193:9 | use output argument | test.cpp:193:6:193:9 | data indirection |
| test.cpp:198:2:198:6 | declaration | test.cpp:199:6:199:6 | x |
| test.cpp:198:2:198:6 | declaration indirection | test.cpp:198:2:198:6 | declaration indirection |
| test.cpp:198:2:198:6 | declaration indirection | test.cpp:198:2:198:6 | declaration indirection |
| test.cpp:198:2:198:6 | declaration indirection | test.cpp:199:6:199:6 | x indirection |
| test.cpp:199:2:199:4 | call to use indirection | test.cpp:199:2:199:4 | call to use indirection |
| test.cpp:199:6:199:6 | use output argument | test.cpp:200:9:200:9 | x indirection |
| test.cpp:199:6:199:6 | x | test.cpp:199:6:199:6 | x |
| test.cpp:199:6:199:6 | x | test.cpp:200:9:200:9 | x indirection |
| test.cpp:199:6:199:6 | x indirection | test.cpp:199:6:199:6 | x indirection |
| test.cpp:199:6:199:6 | x indirection | test.cpp:199:6:199:6 | x indirection |
| test.cpp:199:6:199:6 | x indirection | test.cpp:199:6:199:6 | x indirection |
| test.cpp:199:6:199:6 | x indirection | test.cpp:199:6:199:6 | x indirection |
| test.cpp:199:6:199:6 | x indirection | test.cpp:200:9:200:9 | x indirection |
| test.cpp:200:9:200:9 | x indirection | test.cpp:200:9:200:9 | x |
| test.cpp:200:9:200:9 | x indirection | test.cpp:200:9:200:9 | x indirection |
| test.cpp:200:9:200:9 | x indirection | test.cpp:200:9:200:9 | x indirection |
| test.cpp:200:9:200:9 | x indirection | test.cpp:201:6:201:6 | x |
| test.cpp:200:9:200:9 | x indirection | test.cpp:201:6:201:6 | x indirection |
| test.cpp:201:2:201:4 | call to use indirection | test.cpp:201:2:201:4 | call to use indirection |
| test.cpp:201:6:201:6 | use output argument | test.cpp:201:6:201:6 | x indirection |
| test.cpp:201:6:201:6 | x | test.cpp:201:6:201:6 | x |
| test.cpp:201:6:201:6 | x indirection | test.cpp:201:6:201:6 | x indirection |
| test.cpp:201:6:201:6 | x indirection | test.cpp:201:6:201:6 | x indirection |
| test.cpp:201:6:201:6 | x indirection | test.cpp:201:6:201:6 | x indirection |
| test.cpp:201:6:201:6 | x indirection | test.cpp:201:6:201:6 | x indirection |
| test.cpp:201:6:201:6 | x indirection | test.cpp:201:6:201:6 | x indirection |
| test.cpp:205:3:205:14 | call to test15 indirection | test.cpp:205:3:205:14 | call to test15 indirection |
| test.cpp:211:2:211:5 | data indirection | test.cpp:211:2:211:5 | data indirection |
| test.cpp:211:2:211:5 | data indirection | test.cpp:211:2:211:5 | data indirection |
| test.cpp:211:2:211:40 | ... = ... | test.cpp:212:7:212:10 | data |
| test.cpp:211:2:211:40 | ... = ... indirection | test.cpp:212:7:212:10 | data indirection |
| test.cpp:211:9:211:40 | (char *)... indirection | test.cpp:211:9:211:40 | call to malloc indirection |
| test.cpp:211:9:211:40 | call to malloc | test.cpp:211:2:211:40 | ... = ... |
| test.cpp:211:9:211:40 | call to malloc indirection | test.cpp:211:2:211:40 | ... = ... indirection |
| test.cpp:211:17:211:22 | call to malloc | test.cpp:211:9:211:40 | call to malloc |
| test.cpp:211:17:211:22 | call to malloc | test.cpp:211:17:211:22 | call to malloc |
| test.cpp:211:17:211:22 | call to malloc | test.cpp:211:17:211:22 | call to malloc |
| test.cpp:211:17:211:22 | call to malloc | test.cpp:211:17:211:22 | call to malloc indirection |
| test.cpp:211:17:211:22 | call to malloc indirection | test.cpp:211:9:211:40 | (char *)... indirection |
| test.cpp:211:17:211:22 | call to malloc indirection | test.cpp:211:9:211:40 | call to malloc indirection |
| test.cpp:211:17:211:22 | call to malloc indirection | test.cpp:211:17:211:22 | call to malloc indirection |
| test.cpp:211:17:211:22 | call to malloc indirection | test.cpp:211:17:211:22 | call to malloc indirection |
| test.cpp:211:17:211:22 | call to malloc indirection | test.cpp:211:17:211:22 | call to malloc indirection |
| test.cpp:211:17:211:22 | call to malloc indirection | test.cpp:211:17:211:22 | call to malloc indirection |
| test.cpp:211:17:211:22 | call to malloc indirection | test.cpp:211:17:211:22 | call to malloc indirection |
| test.cpp:212:2:212:5 | call to free indirection | test.cpp:212:2:212:5 | call to free indirection |
| test.cpp:212:7:212:10 | (void *)... indirection | test.cpp:212:7:212:10 | data indirection |
| test.cpp:212:7:212:10 | (void *)... indirection | test.cpp:212:7:212:10 | data indirection |
| test.cpp:212:7:212:10 | data | test.cpp:212:7:212:10 | data |
| test.cpp:212:7:212:10 | data indirection | test.cpp:212:7:212:10 | (void *)... indirection |
| test.cpp:212:7:212:10 | data indirection | test.cpp:212:7:212:10 | data indirection |
| test.cpp:212:7:212:10 | data indirection | test.cpp:212:7:212:10 | data indirection |
| test.cpp:212:7:212:10 | data indirection | test.cpp:212:7:212:10 | data indirection |
| test.cpp:212:7:212:10 | data indirection | test.cpp:212:7:212:10 | data indirection |
| test.cpp:212:7:212:10 | data indirection | test.cpp:212:7:212:10 | data indirection |
| test.cpp:212:7:212:10 | free output argument | test.cpp:212:7:212:10 | data indirection |
| test.cpp:213:2:213:5 | data indirection | test.cpp:213:2:213:5 | data indirection |
| test.cpp:213:2:213:5 | data indirection | test.cpp:213:2:213:5 | data indirection |
| test.cpp:213:2:213:40 | ... = ... | test.cpp:214:6:214:9 | data |
| test.cpp:213:2:213:40 | ... = ... indirection | test.cpp:214:6:214:9 | data indirection |
| test.cpp:213:9:213:40 | (char *)... indirection | test.cpp:213:9:213:40 | call to malloc indirection |
| test.cpp:213:9:213:40 | call to malloc | test.cpp:213:2:213:40 | ... = ... |
| test.cpp:213:9:213:40 | call to malloc indirection | test.cpp:213:2:213:40 | ... = ... indirection |
| test.cpp:213:17:213:22 | call to malloc | test.cpp:213:9:213:40 | call to malloc |
| test.cpp:213:17:213:22 | call to malloc | test.cpp:213:17:213:22 | call to malloc |
| test.cpp:213:17:213:22 | call to malloc | test.cpp:213:17:213:22 | call to malloc |
| test.cpp:213:17:213:22 | call to malloc | test.cpp:213:17:213:22 | call to malloc indirection |
| test.cpp:213:17:213:22 | call to malloc indirection | test.cpp:213:9:213:40 | (char *)... indirection |
| test.cpp:213:17:213:22 | call to malloc indirection | test.cpp:213:9:213:40 | call to malloc indirection |
| test.cpp:213:17:213:22 | call to malloc indirection | test.cpp:213:17:213:22 | call to malloc indirection |
| test.cpp:213:17:213:22 | call to malloc indirection | test.cpp:213:17:213:22 | call to malloc indirection |
| test.cpp:213:17:213:22 | call to malloc indirection | test.cpp:213:17:213:22 | call to malloc indirection |
| test.cpp:213:17:213:22 | call to malloc indirection | test.cpp:213:17:213:22 | call to malloc indirection |
| test.cpp:213:17:213:22 | call to malloc indirection | test.cpp:213:17:213:22 | call to malloc indirection |
| test.cpp:214:2:214:4 | call to use indirection | test.cpp:214:2:214:4 | call to use indirection |
| test.cpp:214:6:214:9 | data | test.cpp:214:6:214:9 | data |
| test.cpp:214:6:214:9 | data indirection | test.cpp:214:6:214:9 | data indirection |
| test.cpp:214:6:214:9 | data indirection | test.cpp:214:6:214:9 | data indirection |
| test.cpp:214:6:214:9 | data indirection | test.cpp:214:6:214:9 | data indirection |
| test.cpp:214:6:214:9 | data indirection | test.cpp:214:6:214:9 | data indirection |
| test.cpp:214:6:214:9 | data indirection | test.cpp:214:6:214:9 | data indirection |
| test.cpp:214:6:214:9 | use output argument | test.cpp:214:6:214:9 | data indirection |
#select
